src/app/shared/config/cost-tooling-config.ts(2,31): error TS2307: Cannot find module 'src/app/modules/costing/costing.config' or its corresponding type declarations.
src/app/shared/config/cost-tooling-config.ts(3,132): error TS2307: Cannot find module 'src/app/shared/enums' or its corresponding type declarations.
src/app/shared/config/costing-tooling-bop-config.service.ts(2,31): error TS2307: Cannot find module 'src/app/modules/costing/costing.config' or its corresponding type declarations.
src/app/shared/config/costing-tooling-material-config.service.ts(2,31): error TS2307: Cannot find module 'src/app/modules/costing/services/shared.service' or its corresponding type declarations.
src/app/shared/config/costing-tooling-process-config.service.ts(2,31): error TS2307: Cannot find module 'src/app/modules/costing/costing.config' or its corresponding type declarations.
src/app/shared/config/tooling-info-config.service.ts(2,31): error TS2307: Cannot find module 'src/app/modules/costing/costing.config' or its corresponding type declarations.
src/app/shared/helpers/authentication-helper.service.ts(3,23): error TS2307: Cannot find module '@ngxs/store' or its corresponding type declarations.
src/app/shared/helpers/authentication-helper.service.ts(6,29): error TS2307: Cannot find module '@azure/msal-angular' or its corresponding type declarations.
src/app/shared/helpers/authentication-helper.service.ts(7,34): error TS2307: Cannot find module 'src/app/modules/_state/country.state' or its corresponding type declarations.
src/app/shared/helpers/authentication-helper.service.ts(8,36): error TS2307: Cannot find module 'src/app/modules/_state/material-group.state' or its corresponding type declarations.
src/app/shared/helpers/authentication-helper.service.ts(9,34): error TS2307: Cannot find module 'src/app/modules/_state/process-type.state' or its corresponding type declarations.
src/app/shared/helpers/authentication-helper.service.ts(10,32): error TS2307: Cannot find module 'src/app/modules/_state/commodity.state' or its corresponding type declarations.
src/app/shared/helpers/authentication-helper.service.ts(11,102): error TS2307: Cannot find module 'src/app/shared/models' or its corresponding type declarations.
src/app/shared/helpers/authentication-helper.service.ts(31,26): error TS2493: Tuple type '[any]' of length '1' has no element at index '1'.
src/app/shared/helpers/authentication-helper.service.ts(31,41): error TS2493: Tuple type '[any]' of length '1' has no element at index '2'.
src/app/shared/helpers/authentication-helper.service.ts(31,55): error TS2493: Tuple type '[any]' of length '1' has no element at index '3'.
src/app/shared/models/generic-http-error.model.ts(1,29): error TS2307: Cannot find module '@angular/common/http' or its corresponding type declarations.
  There are types at 'C:/Playwright Projects/Playwright-Truevaluehub-main/node_modules/@angular/common/types/http.d.ts', but this result could not be resolved under your current 'moduleResolution' setting. Consider updating to 'node16', 'nodenext', or 'bundler'.
src/app/shared/models/part-info.model.ts(1,38): error TS2307: Cannot find module 'src/app/modules/digital-factory/Models/digital-factory-dto' or its corresponding type declarations.
src/app/shared/models/part-info.model.ts(6,31): error TS2307: Cannot find module 'src/app/shared/models' or its corresponding type declarations.
src/app/shared/models/process-info.model.ts(22,49): error TS2307: Cannot find module 'src/app/shared/models' or its corresponding type declarations.
src/app/shared/models/process-info.model.ts(23,49): error TS2307: Cannot find module 'src/app/shared/models/comment-field-model' or its corresponding type declarations.
src/app/shared/models/process-info.model.ts(24,32): error TS2307: Cannot find module 'src/app/shared/models/field-colors.model' or its corresponding type declarations.
src/app/shared/models/project-info.model.ts(4,32): error TS2307: Cannot find module 'src/app/modules/settings/models' or its corresponding type declarations.
src/app/shared/services/ai-search.service.ts(1,28): error TS2307: Cannot find module '@angular/common/http' or its corresponding type declarations.
  There are types at 'C:/Playwright Projects/Playwright-Truevaluehub-main/node_modules/@angular/common/types/http.d.ts', but this result could not be resolved under your current 'moduleResolution' setting. Consider updating to 'node16', 'nodenext', or 'bundler'.
src/app/shared/services/ai-search.service.ts(3,91): error TS2307: Cannot find module 'src/app/shared/services' or its corresponding type declarations.
src/app/shared/services/ai-search.service.ts(17,8): error TS2307: Cannot find module 'src/app/modules/ai-search/models/ai-image-similarity-result' or its corresponding type declarations.
src/app/shared/services/ai-search.service.ts(33,30): error TS2339: Property 'createOptionsForFormFile' does not exist on type 'AiSearchService'.
src/app/shared/services/ai-search.service.ts(35,17): error TS2339: Property 'postEx' does not exist on type 'AiSearchService'.
src/app/shared/services/ai-search.service.ts(35,88): error TS2339: Property 'handleError' does not exist on type 'AiSearchService'.
src/app/shared/services/ai-search.service.ts(39,30): error TS2339: Property 'createOptions' does not exist on type 'AiSearchService'.
src/app/shared/services/ai-search.service.ts(42,17): error TS2339: Property 'getEx' does not exist on type 'AiSearchService'.
src/app/shared/services/ai-search.service.ts(42,69): error TS2339: Property 'handleError' does not exist on type 'AiSearchService'.
src/app/shared/services/ai-search.service.ts(46,30): error TS2339: Property 'createOptions' does not exist on type 'AiSearchService'.
src/app/shared/services/ai-search.service.ts(49,17): error TS2339: Property 'getEx' does not exist on type 'AiSearchService'.
src/app/shared/services/ai-search.service.ts(49,69): error TS2339: Property 'handleError' does not exist on type 'AiSearchService'.
src/app/shared/services/ai-search.service.ts(53,30): error TS2339: Property 'createOptions' does not exist on type 'AiSearchService'.
src/app/shared/services/ai-search.service.ts(55,17): error TS2339: Property 'postEx' does not exist on type 'AiSearchService'.
src/app/shared/services/ai-search.service.ts(55,103): error TS2339: Property 'handleError' does not exist on type 'AiSearchService'.
src/app/shared/services/ai-search.service.ts(59,30): error TS2339: Property 'createOptions' does not exist on type 'AiSearchService'.
src/app/shared/services/ai-search.service.ts(62,17): error TS2339: Property 'getEx' does not exist on type 'AiSearchService'.
src/app/shared/services/ai-search.service.ts(62,83): error TS2339: Property 'handleError' does not exist on type 'AiSearchService'.
src/app/shared/services/ai-search.service.ts(66,30): error TS2339: Property 'createOptionsForFormFile' does not exist on type 'AiSearchService'.
src/app/shared/services/ai-search.service.ts(69,17): error TS2339: Property 'postEx' does not exist on type 'AiSearchService'.
src/app/shared/services/ai-search.service.ts(69,122): error TS2339: Property 'handleError' does not exist on type 'AiSearchService'.
src/app/shared/services/ai-search.service.ts(73,30): error TS2339: Property 'createOptionsForFormFile' does not exist on type 'AiSearchService'.
src/app/shared/services/ai-search.service.ts(75,17): error TS2339: Property 'postEx' does not exist on type 'AiSearchService'.
src/app/shared/services/ai-search.service.ts(75,104): error TS2339: Property 'handleError' does not exist on type 'AiSearchService'.
src/app/shared/services/ai-search.service.ts(79,30): error TS2339: Property 'createOptions' does not exist on type 'AiSearchService'.
src/app/shared/services/ai-search.service.ts(81,17): error TS2339: Property 'getEx' does not exist on type 'AiSearchService'.
src/app/shared/services/ai-search.service.ts(81,69): error TS2339: Property 'handleError' does not exist on type 'AiSearchService'.
src/app/shared/services/ai-search.service.ts(85,30): error TS2339: Property 'createOptions' does not exist on type 'AiSearchService'.
src/app/shared/services/ai-search.service.ts(88,17): error TS2339: Property 'postEx' does not exist on type 'AiSearchService'.
src/app/shared/services/ai-search.service.ts(88,88): error TS2339: Property 'handleError' does not exist on type 'AiSearchService'.
src/app/shared/services/ai-search.service.ts(92,30): error TS2339: Property 'createOptions' does not exist on type 'AiSearchService'.
src/app/shared/services/ai-search.service.ts(94,17): error TS2339: Property 'getEx' does not exist on type 'AiSearchService'.
src/app/shared/services/ai-search.service.ts(94,69): error TS2339: Property 'handleError' does not exist on type 'AiSearchService'.
src/app/shared/services/ai-search.service.ts(98,30): error TS2339: Property 'createOptions' does not exist on type 'AiSearchService'.
src/app/shared/services/ai-search.service.ts(100,17): error TS2339: Property 'getEx' does not exist on type 'AiSearchService'.
src/app/shared/services/ai-search.service.ts(100,93): error TS2339: Property 'handleError' does not exist on type 'AiSearchService'.
src/app/shared/services/ai-search.service.ts(104,30): error TS2339: Property 'createOptions' does not exist on type 'AiSearchService'.
src/app/shared/services/ai-search.service.ts(106,17): error TS2339: Property 'getEx' does not exist on type 'AiSearchService'.
src/app/shared/services/ai-search.service.ts(106,69): error TS2339: Property 'handleError' does not exist on type 'AiSearchService'.
src/app/shared/services/ai-search.service.ts(110,30): error TS2339: Property 'createOptions' does not exist on type 'AiSearchService'.
src/app/shared/services/ai-search.service.ts(112,17): error TS2339: Property 'getEx' does not exist on type 'AiSearchService'.
src/app/shared/services/ai-search.service.ts(112,69): error TS2339: Property 'handleError' does not exist on type 'AiSearchService'.
src/app/shared/services/ai-search.service.ts(116,30): error TS2339: Property 'createOptions' does not exist on type 'AiSearchService'.
src/app/shared/services/ai-search.service.ts(118,17): error TS2339: Property 'getEx' does not exist on type 'AiSearchService'.
src/app/shared/services/ai-search.service.ts(118,67): error TS2339: Property 'handleError' does not exist on type 'AiSearchService'.
src/app/shared/services/ai-search.service.ts(122,30): error TS2339: Property 'createOptions' does not exist on type 'AiSearchService'.
src/app/shared/services/ai-search.service.ts(124,17): error TS2339: Property 'getEx' does not exist on type 'AiSearchService'.
src/app/shared/services/ai-search.service.ts(124,70): error TS2339: Property 'handleError' does not exist on type 'AiSearchService'.
src/app/shared/services/ai-search.service.ts(128,30): error TS2339: Property 'createOptions' does not exist on type 'AiSearchService'.
src/app/shared/services/ai-search.service.ts(130,17): error TS2339: Property 'postEx' does not exist on type 'AiSearchService'.
src/app/shared/services/ai-search.service.ts(130,115): error TS2339: Property 'handleError' does not exist on type 'AiSearchService'.
src/app/shared/services/ai-search.service.ts(134,30): error TS2339: Property 'createOptions' does not exist on type 'AiSearchService'.
src/app/shared/services/ai-search.service.ts(136,17): error TS2339: Property 'postEx' does not exist on type 'AiSearchService'.
src/app/shared/services/ai-search.service.ts(136,115): error TS2339: Property 'handleError' does not exist on type 'AiSearchService'.
src/app/shared/services/ai-search.service.ts(140,30): error TS2339: Property 'createOptions' does not exist on type 'AiSearchService'.
src/app/shared/services/ai-search.service.ts(142,17): error TS2339: Property 'postEx' does not exist on type 'AiSearchService'.
src/app/shared/services/ai-search.service.ts(142,104): error TS2339: Property 'handleError' does not exist on type 'AiSearchService'.
src/app/shared/services/ai-search.service.ts(146,30): error TS2339: Property 'createOptions' does not exist on type 'AiSearchService'.
src/app/shared/services/ai-search.service.ts(148,17): error TS2339: Property 'postEx' does not exist on type 'AiSearchService'.
src/app/shared/services/ai-search.service.ts(148,106): error TS2339: Property 'handleError' does not exist on type 'AiSearchService'.
src/app/shared/services/ai-search.service.ts(152,30): error TS2339: Property 'createOptions' does not exist on type 'AiSearchService'.
src/app/shared/services/ai-search.service.ts(154,17): error TS2339: Property 'postEx' does not exist on type 'AiSearchService'.
src/app/shared/services/ai-search.service.ts(154,103): error TS2339: Property 'handleError' does not exist on type 'AiSearchService'.
src/app/shared/services/ai-search.service.ts(158,30): error TS2339: Property 'createOptions' does not exist on type 'AiSearchService'.
src/app/shared/services/ai-search.service.ts(161,17): error TS2339: Property 'getEx' does not exist on type 'AiSearchService'.
src/app/shared/services/ai-search.service.ts(161,88): error TS2339: Property 'handleError' does not exist on type 'AiSearchService'.
src/app/shared/services/ai-search.service.ts(165,30): error TS2339: Property 'createOptions' does not exist on type 'AiSearchService'.
src/app/shared/services/ai-search.service.ts(168,17): error TS2339: Property 'getEx' does not exist on type 'AiSearchService'.
src/app/shared/services/ai-search.service.ts(168,88): error TS2339: Property 'handleError' does not exist on type 'AiSearchService'.
src/app/shared/services/ai-search.service.ts(172,30): error TS2339: Property 'createOptions' does not exist on type 'AiSearchService'.
src/app/shared/services/ai-search.service.ts(175,17): error TS2339: Property 'getEx' does not exist on type 'AiSearchService'.
src/app/shared/services/ai-search.service.ts(175,70): error TS2339: Property 'handleError' does not exist on type 'AiSearchService'.
src/app/shared/services/ai-search.service.ts(179,30): error TS2339: Property 'createOptions' does not exist on type 'AiSearchService'.
src/app/shared/services/ai-search.service.ts(181,17): error TS2339: Property 'getEx' does not exist on type 'AiSearchService'.
src/app/shared/services/ai-search.service.ts(181,67): error TS2339: Property 'handleError' does not exist on type 'AiSearchService'.
src/app/shared/services/ai-search.service.ts(185,30): error TS2339: Property 'createOptions' does not exist on type 'AiSearchService'.
src/app/shared/services/ai-search.service.ts(187,17): error TS2339: Property 'postEx' does not exist on type 'AiSearchService'.
src/app/shared/services/ai-search.service.ts(187,87): error TS2339: Property 'handleError' does not exist on type 'AiSearchService'.
src/app/shared/services/ai-search.service.ts(191,30): error TS2339: Property 'createOptions' does not exist on type 'AiSearchService'.
src/app/shared/services/ai-search.service.ts(193,17): error TS2339: Property 'getStreamEx' does not exist on type 'AiSearchService'.
src/app/shared/services/ai-search.service.ts(193,73): error TS2339: Property 'handleError' does not exist on type 'AiSearchService'.
src/app/shared/services/ai-search.service.ts(197,30): error TS2339: Property 'createOptions' does not exist on type 'AiSearchService'.
src/app/shared/services/ai-search.service.ts(199,17): error TS2339: Property 'getEx' does not exist on type 'AiSearchService'.
src/app/shared/services/ai-search.service.ts(199,67): error TS2339: Property 'handleError' does not exist on type 'AiSearchService'.
src/app/shared/services/ai-search.service.ts(203,30): error TS2339: Property 'createOptions' does not exist on type 'AiSearchService'.
src/app/shared/services/ai-search.service.ts(205,17): error TS2339: Property 'postEx' does not exist on type 'AiSearchService'.
src/app/shared/services/ai-search.service.ts(205,101): error TS2339: Property 'handleError' does not exist on type 'AiSearchService'.
src/app/shared/services/api-cache.service.ts(3,23): error TS2307: Cannot find module '@ngxs/store' or its corresponding type declarations.
src/app/shared/services/app-configuration.service.ts(1,28): error TS2307: Cannot find module '@angular/common/http' or its corresponding type declarations.
  There are types at 'C:/Playwright Projects/Playwright-Truevaluehub-main/node_modules/@angular/common/types/http.d.ts', but this result could not be resolved under your current 'moduleResolution' setting. Consider updating to 'node16', 'nodenext', or 'bundler'.
src/app/shared/services/app-configuration.service.ts(6,29): error TS2307: Cannot find module 'src/app/modules/settings/models' or its corresponding type declarations.
src/app/shared/services/app-configuration.ts(1,29): error TS2307: Cannot find module 'src/app/modules/settings/models' or its corresponding type declarations.
src/app/shared/services/authentication.service.ts(2,28): error TS2307: Cannot find module '@angular/common/http' or its corresponding type declarations.
  There are types at 'C:/Playwright Projects/Playwright-Truevaluehub-main/node_modules/@angular/common/types/http.d.ts', but this result could not be resolved under your current 'moduleResolution' setting. Consider updating to 'node16', 'nodenext', or 'bundler'.
src/app/shared/services/authentication.service.ts(5,22): error TS2307: Cannot find module 'src/app/shared/models/user.model' or its corresponding type declarations.
src/app/shared/services/base-http.service.ts(1,53): error TS2307: Cannot find module '@angular/common/http' or its corresponding type declarations.
  There are types at 'C:/Playwright Projects/Playwright-Truevaluehub-main/node_modules/@angular/common/types/http.d.ts', but this result could not be resolved under your current 'moduleResolution' setting. Consider updating to 'node16', 'nodenext', or 'bundler'.
src/app/shared/services/base-http.service.ts(10,29): error TS2307: Cannot find module '@azure/msal-angular' or its corresponding type declarations.
src/app/shared/services/base-http.service.ts(12,37): error TS2307: Cannot find module 'event-source-polyfill' or its corresponding type declarations.
src/app/shared/services/base-http.service.ts(175,5): error TS2322: Type 'Observable<unknown>' is not assignable to type 'Observable<T>'.
  Type 'unknown' is not assignable to type 'T'.
    'T' could be instantiated with an arbitrary type which could be unrelated to 'unknown'.
src/app/shared/services/block-ui.service.ts(2,36): error TS2307: Cannot find module 'ng-block-ui' or its corresponding type declarations.
src/app/shared/services/bom.service.ts(1,28): error TS2307: Cannot find module '@angular/common/http' or its corresponding type declarations.
  There are types at 'C:/Playwright Projects/Playwright-Truevaluehub-main/node_modules/@angular/common/types/http.d.ts', but this result could not be resolved under your current 'moduleResolution' setting. Consider updating to 'node16', 'nodenext', or 'bundler'.
src/app/shared/services/bom.service.ts(5,91): error TS2307: Cannot find module 'src/app/shared/services' or its corresponding type declarations.
src/app/shared/services/bom.service.ts(28,30): error TS2339: Property 'createOptions' does not exist on type 'BomService'.
src/app/shared/services/bom.service.ts(30,17): error TS2339: Property 'getEx' does not exist on type 'BomService'.
src/app/shared/services/bom.service.ts(30,83): error TS2339: Property 'handleError' does not exist on type 'BomService'.
src/app/shared/services/bom.service.ts(33,30): error TS2339: Property 'createOptions' does not exist on type 'BomService'.
src/app/shared/services/bom.service.ts(35,17): error TS2339: Property 'getEx' does not exist on type 'BomService'.
src/app/shared/services/bom.service.ts(35,85): error TS2339: Property 'handleError' does not exist on type 'BomService'.
src/app/shared/services/bom.service.ts(39,30): error TS2339: Property 'createOptions' does not exist on type 'BomService'.
src/app/shared/services/bom.service.ts(41,17): error TS2339: Property 'getEx' does not exist on type 'BomService'.
src/app/shared/services/bom.service.ts(41,78): error TS2339: Property 'handleError' does not exist on type 'BomService'.
src/app/shared/services/bom.service.ts(45,30): error TS2339: Property 'createOptions' does not exist on type 'BomService'.
src/app/shared/services/bom.service.ts(47,17): error TS2339: Property 'getEx' does not exist on type 'BomService'.
src/app/shared/services/bom.service.ts(47,81): error TS2339: Property 'handleError' does not exist on type 'BomService'.
src/app/shared/services/bom.service.ts(51,30): error TS2339: Property 'createOptions' does not exist on type 'BomService'.
src/app/shared/services/bom.service.ts(53,17): error TS2339: Property 'putEx' does not exist on type 'BomService'.
src/app/shared/services/bom.service.ts(53,105): error TS2339: Property 'handleError' does not exist on type 'BomService'.
src/app/shared/services/bom.service.ts(57,30): error TS2339: Property 'createOptions' does not exist on type 'BomService'.
src/app/shared/services/bom.service.ts(59,17): error TS2339: Property 'getEx' does not exist on type 'BomService'.
src/app/shared/services/bom.service.ts(59,83): error TS2339: Property 'handleError' does not exist on type 'BomService'.
src/app/shared/services/bom.service.ts(63,30): error TS2339: Property 'createOptions' does not exist on type 'BomService'.
src/app/shared/services/bom.service.ts(65,17): error TS2339: Property 'putEx' does not exist on type 'BomService'.
src/app/shared/services/bom.service.ts(65,113): error TS2339: Property 'handleError' does not exist on type 'BomService'.
src/app/shared/services/bom.service.ts(69,30): error TS2339: Property 'createOptions' does not exist on type 'BomService'.
src/app/shared/services/bom.service.ts(71,17): error TS2339: Property 'postEx' does not exist on type 'BomService'.
src/app/shared/services/bom.service.ts(71,106): error TS2339: Property 'handleError' does not exist on type 'BomService'.
src/app/shared/services/bom.service.ts(75,30): error TS2339: Property 'createOptions' does not exist on type 'BomService'.
src/app/shared/services/bom.service.ts(77,17): error TS2339: Property 'postEx' does not exist on type 'BomService'.
src/app/shared/services/bom.service.ts(77,101): error TS2339: Property 'handleError' does not exist on type 'BomService'.
src/app/shared/services/bom.service.ts(81,30): error TS2339: Property 'createOptions' does not exist on type 'BomService'.
src/app/shared/services/bom.service.ts(83,17): error TS2339: Property 'postEx' does not exist on type 'BomService'.
src/app/shared/services/bom.service.ts(83,101): error TS2339: Property 'handleError' does not exist on type 'BomService'.
src/app/shared/services/bom.service.ts(87,30): error TS2339: Property 'createOptions' does not exist on type 'BomService'.
src/app/shared/services/bom.service.ts(89,17): error TS2339: Property 'deleteEx' does not exist on type 'BomService'.
src/app/shared/services/bom.service.ts(89,74): error TS2339: Property 'handleError' does not exist on type 'BomService'.
src/app/shared/services/bom.service.ts(93,30): error TS2339: Property 'createOptions' does not exist on type 'BomService'.
src/app/shared/services/bom.service.ts(95,17): error TS2339: Property 'deleteEx' does not exist on type 'BomService'.
src/app/shared/services/bom.service.ts(95,74): error TS2339: Property 'handleError' does not exist on type 'BomService'.
src/app/shared/services/bom.service.ts(99,30): error TS2339: Property 'createOptions' does not exist on type 'BomService'.
src/app/shared/services/bom.service.ts(101,17): error TS2339: Property 'postEx' does not exist on type 'BomService'.
src/app/shared/services/bom.service.ts(101,108): error TS2339: Property 'handleError' does not exist on type 'BomService'.
src/app/shared/services/bom.service.ts(105,30): error TS2339: Property 'createOptions' does not exist on type 'BomService'.
src/app/shared/services/bom.service.ts(107,17): error TS2339: Property 'putEx' does not exist on type 'BomService'.
src/app/shared/services/bom.service.ts(107,91): error TS2339: Property 'handleError' does not exist on type 'BomService'.
src/app/shared/services/cad.service.ts(1,28): error TS2307: Cannot find module '@angular/common/http' or its corresponding type declarations.
  There are types at 'C:/Playwright Projects/Playwright-Truevaluehub-main/node_modules/@angular/common/types/http.d.ts', but this result could not be resolved under your current 'moduleResolution' setting. Consider updating to 'node16', 'nodenext', or 'bundler'.
src/app/shared/services/cad.service.ts(5,91): error TS2307: Cannot find module 'src/app/shared/services' or its corresponding type declarations.
src/app/shared/services/cad.service.ts(23,30): error TS2339: Property 'createOptionsForFormFile' does not exist on type 'CadService'.
src/app/shared/services/cad.service.ts(25,17): error TS2339: Property 'postEx' does not exist on type 'CadService'.
src/app/shared/services/cad.service.ts(25,98): error TS2339: Property 'handleError' does not exist on type 'CadService'.
src/app/shared/services/cad.service.ts(29,30): error TS2339: Property 'createOptions' does not exist on type 'CadService'.
src/app/shared/services/cad.service.ts(31,17): error TS2339: Property 'getEx' does not exist on type 'CadService'.
src/app/shared/services/cad.service.ts(31,78): error TS2339: Property 'handleError' does not exist on type 'CadService'.
src/app/shared/services/comment-field.service.ts(1,28): error TS2307: Cannot find module '@angular/common/http' or its corresponding type declarations.
  There are types at 'C:/Playwright Projects/Playwright-Truevaluehub-main/node_modules/@angular/common/types/http.d.ts', but this result could not be resolved under your current 'moduleResolution' setting. Consider updating to 'node16', 'nodenext', or 'bundler'.
src/app/shared/services/comment-field.service.ts(5,91): error TS2307: Cannot find module 'src/app/shared/services' or its corresponding type declarations.
src/app/shared/services/comment-field.service.ts(6,45): error TS2307: Cannot find module 'src/app/shared/services/snackbar-error-handler.service' or its corresponding type declarations.
src/app/shared/services/comment-field.service.ts(23,30): error TS2339: Property 'createOptions' does not exist on type 'CommentFieldService'.
src/app/shared/services/comment-field.service.ts(25,17): error TS2339: Property 'getEx' does not exist on type 'CommentFieldService'.
src/app/shared/services/comment-field.service.ts(25,83): error TS2339: Property 'handleError' does not exist on type 'CommentFieldService'.
src/app/shared/services/comment-field.service.ts(29,30): error TS2339: Property 'createOptions' does not exist on type 'CommentFieldService'.
src/app/shared/services/comment-field.service.ts(31,17): error TS2339: Property 'getEx' does not exist on type 'CommentFieldService'.
src/app/shared/services/comment-field.service.ts(31,83): error TS2339: Property 'handleError' does not exist on type 'CommentFieldService'.
src/app/shared/services/comment-field.service.ts(35,30): error TS2339: Property 'createOptions' does not exist on type 'CommentFieldService'.
src/app/shared/services/comment-field.service.ts(37,17): error TS2339: Property 'getEx' does not exist on type 'CommentFieldService'.
src/app/shared/services/comment-field.service.ts(37,88): error TS2339: Property 'handleError' does not exist on type 'CommentFieldService'.
src/app/shared/services/comment-field.service.ts(41,30): error TS2339: Property 'createOptions' does not exist on type 'CommentFieldService'.
src/app/shared/services/comment-field.service.ts(43,17): error TS2339: Property 'postEx' does not exist on type 'CommentFieldService'.
src/app/shared/services/comment-field.service.ts(43,122): error TS2339: Property 'handleError' does not exist on type 'CommentFieldService'.
src/app/shared/services/comment-field.service.ts(47,30): error TS2339: Property 'createOptions' does not exist on type 'CommentFieldService'.
src/app/shared/services/comment-field.service.ts(49,17): error TS2339: Property 'putEx' does not exist on type 'CommentFieldService'.
src/app/shared/services/comment-field.service.ts(49,127): error TS2339: Property 'handleError' does not exist on type 'CommentFieldService'.
src/app/shared/services/comment-field.service.ts(53,30): error TS2339: Property 'createOptions' does not exist on type 'CommentFieldService'.
src/app/shared/services/comment-field.service.ts(55,17): error TS2339: Property 'deleteEx' does not exist on type 'CommentFieldService'.
src/app/shared/services/comment-field.service.ts(55,74): error TS2339: Property 'handleError' does not exist on type 'CommentFieldService'.
src/app/shared/services/commodity-master.service.ts(1,28): error TS2307: Cannot find module '@angular/common/http' or its corresponding type declarations.
  There are types at 'C:/Playwright Projects/Playwright-Truevaluehub-main/node_modules/@angular/common/types/http.d.ts', but this result could not be resolved under your current 'moduleResolution' setting. Consider updating to 'node16', 'nodenext', or 'bundler'.
src/app/shared/services/commodity-master.service.ts(5,91): error TS2307: Cannot find module 'src/app/shared/services' or its corresponding type declarations.
src/app/shared/services/commodity-master.service.ts(22,30): error TS2339: Property 'createOptions' does not exist on type 'CommodityService'.
src/app/shared/services/commodity-master.service.ts(24,17): error TS2339: Property 'getMasterEx' does not exist on type 'CommodityService'.
src/app/shared/services/commodity-master.service.ts(24,90): error TS2339: Property 'handleError' does not exist on type 'CommodityService'.
src/app/shared/services/commodity-master.service.ts(35,30): error TS2339: Property 'createOptions' does not exist on type 'CommodityService'.
src/app/shared/services/commodity-master.service.ts(37,17): error TS2339: Property 'getMasterEx' does not exist on type 'CommodityService'.
src/app/shared/services/commodity-master.service.ts(37,91): error TS2339: Property 'handleError' does not exist on type 'CommodityService'.
src/app/shared/services/cost-summary.service.ts(1,28): error TS2307: Cannot find module '@angular/common/http' or its corresponding type declarations.
  There are types at 'C:/Playwright Projects/Playwright-Truevaluehub-main/node_modules/@angular/common/types/http.d.ts', but this result could not be resolved under your current 'moduleResolution' setting. Consider updating to 'node16', 'nodenext', or 'bundler'.
src/app/shared/services/cost-summary.service.ts(5,91): error TS2307: Cannot find module 'src/app/shared/services' or its corresponding type declarations.
src/app/shared/services/cost-summary.service.ts(22,30): error TS2339: Property 'createOptions' does not exist on type 'CostSummaryService'.
src/app/shared/services/cost-summary.service.ts(24,17): error TS2339: Property 'postEx' does not exist on type 'CostSummaryService'.
src/app/shared/services/cost-summary.service.ts(24,108): error TS2339: Property 'handleError' does not exist on type 'CostSummaryService'.
src/app/shared/services/cost-summary.service.ts(28,30): error TS2339: Property 'createOptions' does not exist on type 'CostSummaryService'.
src/app/shared/services/cost-summary.service.ts(30,17): error TS2339: Property 'putEx' does not exist on type 'CostSummaryService'.
src/app/shared/services/cost-summary.service.ts(30,107): error TS2339: Property 'handleError' does not exist on type 'CostSummaryService'.
src/app/shared/services/cost-summary.service.ts(34,30): error TS2339: Property 'createOptions' does not exist on type 'CostSummaryService'.
src/app/shared/services/cost-summary.service.ts(36,17): error TS2339: Property 'getEx' does not exist on type 'CostSummaryService'.
src/app/shared/services/cost-summary.service.ts(36,84): error TS2339: Property 'handleError' does not exist on type 'CostSummaryService'.
src/app/shared/services/cost-summary.service.ts(40,30): error TS2339: Property 'createOptions' does not exist on type 'CostSummaryService'.
src/app/shared/services/cost-summary.service.ts(42,17): error TS2339: Property 'postEx' does not exist on type 'CostSummaryService'.
src/app/shared/services/cost-summary.service.ts(42,108): error TS2339: Property 'handleError' does not exist on type 'CostSummaryService'.
src/app/shared/services/cost-summary.service.ts(46,30): error TS2339: Property 'createOptions' does not exist on type 'CostSummaryService'.
src/app/shared/services/cost-summary.service.ts(49,17): error TS2339: Property 'postEx' does not exist on type 'CostSummaryService'.
src/app/shared/services/cost-summary.service.ts(49,88): error TS2339: Property 'handleError' does not exist on type 'CostSummaryService'.
src/app/shared/services/cots-info.service.ts(1,28): error TS2307: Cannot find module '@angular/common/http' or its corresponding type declarations.
  There are types at 'C:/Playwright Projects/Playwright-Truevaluehub-main/node_modules/@angular/common/types/http.d.ts', but this result could not be resolved under your current 'moduleResolution' setting. Consider updating to 'node16', 'nodenext', or 'bundler'.
src/app/shared/services/cots-info.service.ts(5,91): error TS2307: Cannot find module 'src/app/shared/services' or its corresponding type declarations.
src/app/shared/services/cots-info.service.ts(23,30): error TS2339: Property 'createOptions' does not exist on type 'CotsInfoService'.
src/app/shared/services/cots-info.service.ts(25,17): error TS2339: Property 'getEx' does not exist on type 'CotsInfoService'.
src/app/shared/services/cots-info.service.ts(25,75): error TS2339: Property 'handleError' does not exist on type 'CotsInfoService'.
src/app/shared/services/cots-info.service.ts(29,30): error TS2339: Property 'createOptions' does not exist on type 'CotsInfoService'.
src/app/shared/services/cots-info.service.ts(31,17): error TS2339: Property 'getEx' does not exist on type 'CotsInfoService'.
src/app/shared/services/cots-info.service.ts(31,77): error TS2339: Property 'handleError' does not exist on type 'CotsInfoService'.
src/app/shared/services/cots-info.service.ts(35,30): error TS2339: Property 'createOptions' does not exist on type 'CotsInfoService'.
src/app/shared/services/cots-info.service.ts(37,17): error TS2339: Property 'postEx' does not exist on type 'CotsInfoService'.
src/app/shared/services/cots-info.service.ts(37,99): error TS2339: Property 'handleError' does not exist on type 'CotsInfoService'.
src/app/shared/services/cots-info.service.ts(41,30): error TS2339: Property 'createOptions' does not exist on type 'CotsInfoService'.
src/app/shared/services/cots-info.service.ts(43,17): error TS2339: Property 'putEx' does not exist on type 'CotsInfoService'.
src/app/shared/services/cots-info.service.ts(43,98): error TS2339: Property 'handleError' does not exist on type 'CotsInfoService'.
src/app/shared/services/cots-info.service.ts(47,30): error TS2339: Property 'createOptions' does not exist on type 'CotsInfoService'.
src/app/shared/services/cots-info.service.ts(49,17): error TS2339: Property 'deleteEx' does not exist on type 'CotsInfoService'.
src/app/shared/services/cots-info.service.ts(49,65): error TS2339: Property 'handleError' does not exist on type 'CotsInfoService'.
src/app/shared/services/cots-info.service.ts(53,30): error TS2339: Property 'createOptions' does not exist on type 'CotsInfoService'.
src/app/shared/services/cots-info.service.ts(55,17): error TS2339: Property 'putEx' does not exist on type 'CotsInfoService'.
src/app/shared/services/cots-info.service.ts(55,102): error TS2339: Property 'handleError' does not exist on type 'CotsInfoService'.
src/app/shared/services/cots-info.service.ts(59,30): error TS2339: Property 'createOptions' does not exist on type 'CotsInfoService'.
src/app/shared/services/cots-info.service.ts(61,17): error TS2339: Property 'postEx' does not exist on type 'CotsInfoService'.
src/app/shared/services/cots-info.service.ts(61,104): error TS2339: Property 'handleError' does not exist on type 'CotsInfoService'.
src/app/shared/services/country-data.service.ts(1,28): error TS2307: Cannot find module '@angular/common/http' or its corresponding type declarations.
  There are types at 'C:/Playwright Projects/Playwright-Truevaluehub-main/node_modules/@angular/common/types/http.d.ts', but this result could not be resolved under your current 'moduleResolution' setting. Consider updating to 'node16', 'nodenext', or 'bundler'.
src/app/shared/services/country-data.service.ts(5,91): error TS2307: Cannot find module 'src/app/shared/services' or its corresponding type declarations.
src/app/shared/services/country-data.service.ts(25,30): error TS2339: Property 'createOptions' does not exist on type 'CountryDataService'.
src/app/shared/services/country-data.service.ts(27,17): error TS2339: Property 'getMasterEx' does not exist on type 'CountryDataService'.
src/app/shared/services/country-data.service.ts(27,92): error TS2339: Property 'handleError' does not exist on type 'CountryDataService'.
src/app/shared/services/hts-master.service.ts(1,40): error TS2307: Cannot find module '@angular/common/http' or its corresponding type declarations.
  There are types at 'C:/Playwright Projects/Playwright-Truevaluehub-main/node_modules/@angular/common/types/http.d.ts', but this result could not be resolved under your current 'moduleResolution' setting. Consider updating to 'node16', 'nodenext', or 'bundler'.
src/app/shared/services/hts-master.service.ts(5,91): error TS2307: Cannot find module 'src/app/shared/services' or its corresponding type declarations.
src/app/shared/services/hts-master.service.ts(23,30): error TS2339: Property 'createOptions' does not exist on type 'HtsMasterService'.
src/app/shared/services/hts-master.service.ts(25,17): error TS2339: Property 'getMasterEx' does not exist on type 'HtsMasterService'.
src/app/shared/services/hts-master.service.ts(25,82): error TS2339: Property 'handleError' does not exist on type 'HtsMasterService'.
src/app/shared/services/hts-master.service.ts(29,30): error TS2339: Property 'createOptions' does not exist on type 'HtsMasterService'.
src/app/shared/services/hts-master.service.ts(32,17): error TS2339: Property 'getMasterEx' does not exist on type 'HtsMasterService'.
src/app/shared/services/hts-master.service.ts(32,125): error TS2339: Property 'handleError' does not exist on type 'HtsMasterService'.
src/app/shared/services/hts-master.service.ts(36,30): error TS2339: Property 'createOptions' does not exist on type 'HtsMasterService'.
src/app/shared/services/hts-master.service.ts(38,17): error TS2339: Property 'getMasterEx' does not exist on type 'HtsMasterService'.
src/app/shared/services/hts-master.service.ts(38,84): error TS2339: Property 'handleError' does not exist on type 'HtsMasterService'.
src/app/shared/services/hts-master.service.ts(42,30): error TS2339: Property 'createOptions' does not exist on type 'HtsMasterService'.
src/app/shared/services/hts-master.service.ts(44,17): error TS2339: Property 'getMasterEx' does not exist on type 'HtsMasterService'.
src/app/shared/services/hts-master.service.ts(44,89): error TS2339: Property 'handleError' does not exist on type 'HtsMasterService'.
src/app/shared/services/hts-master.service.ts(48,30): error TS2339: Property 'createOptions' does not exist on type 'HtsMasterService'.
src/app/shared/services/hts-master.service.ts(50,17): error TS2339: Property 'getMasterEx' does not exist on type 'HtsMasterService'.
src/app/shared/services/hts-master.service.ts(50,89): error TS2339: Property 'handleError' does not exist on type 'HtsMasterService'.
src/app/shared/services/idle-timeout.service.ts(2,29): error TS2307: Cannot find module '@azure/msal-angular' or its corresponding type declarations.
src/app/shared/services/idle-timeout.service.ts(5,60): error TS2307: Cannot find module 'src/app/messaging/messaging.service' or its corresponding type declarations.
src/app/shared/services/material-info.service.ts(1,28): error TS2307: Cannot find module '@angular/common/http' or its corresponding type declarations.
  There are types at 'C:/Playwright Projects/Playwright-Truevaluehub-main/node_modules/@angular/common/types/http.d.ts', but this result could not be resolved under your current 'moduleResolution' setting. Consider updating to 'node16', 'nodenext', or 'bundler'.
src/app/shared/services/material-info.service.ts(5,91): error TS2307: Cannot find module 'src/app/shared/services' or its corresponding type declarations.
src/app/shared/services/material-info.service.ts(29,30): error TS2339: Property 'createOptions' does not exist on type 'MaterialInfoService'.
src/app/shared/services/material-info.service.ts(31,17): error TS2339: Property 'getEx' does not exist on type 'MaterialInfoService'.
src/app/shared/services/material-info.service.ts(31,81): error TS2339: Property 'handleError' does not exist on type 'MaterialInfoService'.
src/app/shared/services/material-info.service.ts(35,30): error TS2339: Property 'createOptions' does not exist on type 'MaterialInfoService'.
src/app/shared/services/material-info.service.ts(37,17): error TS2339: Property 'postEx' does not exist on type 'MaterialInfoService'.
src/app/shared/services/material-info.service.ts(37,111): error TS2339: Property 'handleError' does not exist on type 'MaterialInfoService'.
src/app/shared/services/material-info.service.ts(41,30): error TS2339: Property 'createOptions' does not exist on type 'MaterialInfoService'.
src/app/shared/services/material-info.service.ts(43,17): error TS2339: Property 'putEx' does not exist on type 'MaterialInfoService'.
src/app/shared/services/material-info.service.ts(43,110): error TS2339: Property 'handleError' does not exist on type 'MaterialInfoService'.
src/app/shared/services/material-info.service.ts(47,30): error TS2339: Property 'createOptions' does not exist on type 'MaterialInfoService'.
src/app/shared/services/material-info.service.ts(49,17): error TS2339: Property 'deleteEx' does not exist on type 'MaterialInfoService'.
src/app/shared/services/material-info.service.ts(49,74): error TS2339: Property 'handleError' does not exist on type 'MaterialInfoService'.
src/app/shared/services/material-info.service.ts(53,30): error TS2339: Property 'createOptions' does not exist on type 'MaterialInfoService'.
src/app/shared/services/material-info.service.ts(55,17): error TS2339: Property 'putEx' does not exist on type 'MaterialInfoService'.
src/app/shared/services/material-info.service.ts(55,114): error TS2339: Property 'handleError' does not exist on type 'MaterialInfoService'.
src/app/shared/services/material-info.service.ts(58,30): error TS2339: Property 'createOptions' does not exist on type 'MaterialInfoService'.
src/app/shared/services/material-info.service.ts(60,17): error TS2339: Property 'getEx' does not exist on type 'MaterialInfoService'.
src/app/shared/services/material-info.service.ts(60,70): error TS2339: Property 'handleError' does not exist on type 'MaterialInfoService'.
src/app/shared/services/material-master.service.ts(1,28): error TS2307: Cannot find module '@angular/common/http' or its corresponding type declarations.
  There are types at 'C:/Playwright Projects/Playwright-Truevaluehub-main/node_modules/@angular/common/types/http.d.ts', but this result could not be resolved under your current 'moduleResolution' setting. Consider updating to 'node16', 'nodenext', or 'bundler'.
src/app/shared/services/material-master.service.ts(5,91): error TS2307: Cannot find module 'src/app/shared/services' or its corresponding type declarations.
src/app/shared/services/material-master.service.ts(21,34): error TS2307: Cannot find module 'src/app/shared/services' or its corresponding type declarations.
src/app/shared/services/material-master.service.ts(38,30): error TS2339: Property 'createOptions' does not exist on type 'MaterialMasterService'.
src/app/shared/services/material-master.service.ts(40,17): error TS2339: Property 'getMasterEx' does not exist on type 'MaterialMasterService'.
src/app/shared/services/material-master.service.ts(40,87): error TS2339: Property 'handleError' does not exist on type 'MaterialMasterService'.
src/app/shared/services/material-master.service.ts(44,30): error TS2339: Property 'createOptions' does not exist on type 'MaterialMasterService'.
src/app/shared/services/material-master.service.ts(46,17): error TS2339: Property 'getMasterEx' does not exist on type 'MaterialMasterService'.
src/app/shared/services/material-master.service.ts(46,88): error TS2339: Property 'handleError' does not exist on type 'MaterialMasterService'.
src/app/shared/services/material-master.service.ts(50,30): error TS2339: Property 'createOptions' does not exist on type 'MaterialMasterService'.
src/app/shared/services/material-master.service.ts(52,17): error TS2339: Property 'getMasterEx' does not exist on type 'MaterialMasterService'.
src/app/shared/services/material-master.service.ts(52,87): error TS2339: Property 'handleError' does not exist on type 'MaterialMasterService'.
src/app/shared/services/material-master.service.ts(56,30): error TS2339: Property 'createOptions' does not exist on type 'MaterialMasterService'.
src/app/shared/services/material-master.service.ts(58,17): error TS2339: Property 'getMasterEx' does not exist on type 'MaterialMasterService'.
src/app/shared/services/material-master.service.ts(58,84): error TS2339: Property 'handleError' does not exist on type 'MaterialMasterService'.
src/app/shared/services/material-master.service.ts(62,30): error TS2339: Property 'createOptions' does not exist on type 'MaterialMasterService'.
src/app/shared/services/material-master.service.ts(64,17): error TS2339: Property 'getMasterEx' does not exist on type 'MaterialMasterService'.
src/app/shared/services/material-master.service.ts(64,92): error TS2339: Property 'handleError' does not exist on type 'MaterialMasterService'.
src/app/shared/services/material-master.service.ts(68,30): error TS2339: Property 'createOptions' does not exist on type 'MaterialMasterService'.
src/app/shared/services/material-master.service.ts(70,17): error TS2339: Property 'getMasterEx' does not exist on type 'MaterialMasterService'.
src/app/shared/services/material-master.service.ts(70,94): error TS2339: Property 'handleError' does not exist on type 'MaterialMasterService'.
src/app/shared/services/material-master.service.ts(73,30): error TS2339: Property 'createOptions' does not exist on type 'MaterialMasterService'.
src/app/shared/services/material-master.service.ts(75,17): error TS2339: Property 'getMasterEx' does not exist on type 'MaterialMasterService'.
src/app/shared/services/material-master.service.ts(75,89): error TS2339: Property 'handleError' does not exist on type 'MaterialMasterService'.
src/app/shared/services/material-master.service.ts(79,30): error TS2339: Property 'createOptions' does not exist on type 'MaterialMasterService'.
src/app/shared/services/material-master.service.ts(81,17): error TS2339: Property 'getMasterEx' does not exist on type 'MaterialMasterService'.
src/app/shared/services/material-master.service.ts(81,87): error TS2339: Property 'handleError' does not exist on type 'MaterialMasterService'.
src/app/shared/services/material-master.service.ts(85,30): error TS2339: Property 'createOptions' does not exist on type 'MaterialMasterService'.
src/app/shared/services/material-master.service.ts(87,17): error TS2339: Property 'getMasterEx' does not exist on type 'MaterialMasterService'.
src/app/shared/services/material-master.service.ts(87,75): error TS2339: Property 'handleError' does not exist on type 'MaterialMasterService'.
src/app/shared/services/material-master.service.ts(91,30): error TS2339: Property 'createOptions' does not exist on type 'MaterialMasterService'.
src/app/shared/services/material-master.service.ts(94,17): error TS2339: Property 'getMasterEx' does not exist on type 'MaterialMasterService'.
src/app/shared/services/material-master.service.ts(94,87): error TS2339: Property 'handleError' does not exist on type 'MaterialMasterService'.
src/app/shared/services/material-master.service.ts(98,30): error TS2339: Property 'createOptions' does not exist on type 'MaterialMasterService'.
src/app/shared/services/material-master.service.ts(100,17): error TS2339: Property 'getMasterEx' does not exist on type 'MaterialMasterService'.
src/app/shared/services/material-master.service.ts(100,91): error TS2339: Property 'handleError' does not exist on type 'MaterialMasterService'.
src/app/shared/services/material-master.service.ts(103,30): error TS2339: Property 'createOptions' does not exist on type 'MaterialMasterService'.
src/app/shared/services/material-master.service.ts(105,17): error TS2339: Property 'getMasterEx' does not exist on type 'MaterialMasterService'.
src/app/shared/services/material-master.service.ts(107,23): error TS2339: Property 'handleError' does not exist on type 'MaterialMasterService'.
src/app/shared/services/material-master.service.ts(112,30): error TS2339: Property 'createOptions' does not exist on type 'MaterialMasterService'.
src/app/shared/services/material-master.service.ts(114,17): error TS2339: Property 'getMasterEx' does not exist on type 'MaterialMasterService'.
src/app/shared/services/material-master.service.ts(114,95): error TS2339: Property 'handleError' does not exist on type 'MaterialMasterService'.
src/app/shared/services/material-master.service.ts(117,30): error TS2339: Property 'createOptions' does not exist on type 'MaterialMasterService'.
src/app/shared/services/material-master.service.ts(119,17): error TS2339: Property 'getMasterEx' does not exist on type 'MaterialMasterService'.
src/app/shared/services/material-master.service.ts(119,78): error TS2339: Property 'handleError' does not exist on type 'MaterialMasterService'.
src/app/shared/services/material-master.service.ts(122,30): error TS2339: Property 'createOptionsWithHeader' does not exist on type 'MaterialMasterService'.
src/app/shared/services/material-master.service.ts(124,17): error TS2339: Property 'getMasterEtagEx' does not exist on type 'MaterialMasterService'.
src/app/shared/services/material-master.service.ts(126,23): error TS2339: Property 'handleError' does not exist on type 'MaterialMasterService'.
src/app/shared/services/material-master.service.ts(132,30): error TS2339: Property 'createOptions' does not exist on type 'MaterialMasterService'.
src/app/shared/services/material-master.service.ts(134,17): error TS2339: Property 'getMasterEx' does not exist on type 'MaterialMasterService'.
src/app/shared/services/material-master.service.ts(134,93): error TS2339: Property 'handleError' does not exist on type 'MaterialMasterService'.
src/app/shared/services/material-master.service.ts(138,30): error TS2339: Property 'createOptions' does not exist on type 'MaterialMasterService'.
src/app/shared/services/material-master.service.ts(140,17): error TS2339: Property 'getMasterEx' does not exist on type 'MaterialMasterService'.
src/app/shared/services/material-master.service.ts(140,93): error TS2339: Property 'handleError' does not exist on type 'MaterialMasterService'.
src/app/shared/services/material-master.service.ts(144,30): error TS2339: Property 'createOptions' does not exist on type 'MaterialMasterService'.
src/app/shared/services/material-master.service.ts(146,17): error TS2339: Property 'getMasterEx' does not exist on type 'MaterialMasterService'.
src/app/shared/services/material-master.service.ts(146,89): error TS2339: Property 'handleError' does not exist on type 'MaterialMasterService'.
src/app/shared/services/material-master.service.ts(150,30): error TS2339: Property 'createOptions' does not exist on type 'MaterialMasterService'.
src/app/shared/services/material-master.service.ts(152,17): error TS2339: Property 'getMasterEx' does not exist on type 'MaterialMasterService'.
src/app/shared/services/material-master.service.ts(152,89): error TS2339: Property 'handleError' does not exist on type 'MaterialMasterService'.
src/app/shared/services/material-master.service.ts(156,30): error TS2339: Property 'createOptions' does not exist on type 'MaterialMasterService'.
src/app/shared/services/material-master.service.ts(159,17): error TS2339: Property 'postMasterEx' does not exist on type 'MaterialMasterService'.
src/app/shared/services/material-master.service.ts(161,23): error TS2339: Property 'handleError' does not exist on type 'MaterialMasterService'.
src/app/shared/services/material-master.service.ts(166,30): error TS2339: Property 'createOptions' does not exist on type 'MaterialMasterService'.
src/app/shared/services/material-master.service.ts(168,17): error TS2339: Property 'postMasterEx' does not exist on type 'MaterialMasterService'.
src/app/shared/services/material-master.service.ts(168,125): error TS2339: Property 'handleError' does not exist on type 'MaterialMasterService'.
src/app/shared/services/material-master.service.ts(172,30): error TS2339: Property 'createOptions' does not exist on type 'MaterialMasterService'.
src/app/shared/services/material-master.service.ts(174,17): error TS2339: Property 'getMasterEx' does not exist on type 'MaterialMasterService'.
src/app/shared/services/material-master.service.ts(174,94): error TS2339: Property 'handleError' does not exist on type 'MaterialMasterService'.
src/app/shared/services/medb-master.service.ts(1,28): error TS2307: Cannot find module '@angular/common/http' or its corresponding type declarations.
  There are types at 'C:/Playwright Projects/Playwright-Truevaluehub-main/node_modules/@angular/common/types/http.d.ts', but this result could not be resolved under your current 'moduleResolution' setting. Consider updating to 'node16', 'nodenext', or 'bundler'.
src/app/shared/services/medb-master.service.ts(5,30): error TS2307: Cannot find module 'src/app/modules/costing/models/sampling-rate.model' or its corresponding type declarations.
src/app/shared/services/medb-master.service.ts(6,91): error TS2307: Cannot find module 'src/app/shared/services' or its corresponding type declarations.
src/app/shared/services/medb-master.service.ts(23,30): error TS2339: Property 'createOptions' does not exist on type 'MedbMasterService'.
src/app/shared/services/medb-master.service.ts(25,17): error TS2339: Property 'getMasterEx' does not exist on type 'MedbMasterService'.
src/app/shared/services/medb-master.service.ts(25,96): error TS2339: Property 'handleError' does not exist on type 'MedbMasterService'.
src/app/shared/services/medb-master.service.ts(29,30): error TS2339: Property 'createOptions' does not exist on type 'MedbMasterService'.
src/app/shared/services/medb-master.service.ts(31,17): error TS2339: Property 'getMasterEx' does not exist on type 'MedbMasterService'.
src/app/shared/services/medb-master.service.ts(31,96): error TS2339: Property 'handleError' does not exist on type 'MedbMasterService'.
src/app/shared/services/medb-master.service.ts(35,30): error TS2339: Property 'createOptions' does not exist on type 'MedbMasterService'.
src/app/shared/services/medb-master.service.ts(37,17): error TS2339: Property 'getMasterEx' does not exist on type 'MedbMasterService'.
src/app/shared/services/medb-master.service.ts(37,96): error TS2339: Property 'handleError' does not exist on type 'MedbMasterService'.
src/app/shared/services/medb-master.service.ts(41,30): error TS2339: Property 'createOptions' does not exist on type 'MedbMasterService'.
src/app/shared/services/medb-master.service.ts(43,17): error TS2339: Property 'getMasterEx' does not exist on type 'MedbMasterService'.
src/app/shared/services/medb-master.service.ts(43,96): error TS2339: Property 'handleError' does not exist on type 'MedbMasterService'.
src/app/shared/services/medb-master.service.ts(47,30): error TS2339: Property 'createOptionsWithHeader' does not exist on type 'MedbMasterService'.
src/app/shared/services/medb-master.service.ts(49,17): error TS2339: Property 'getMasterEtagEx' does not exist on type 'MedbMasterService'.
src/app/shared/services/medb-master.service.ts(49,77): error TS2339: Property 'handleError' does not exist on type 'MedbMasterService'.
src/app/shared/services/medb-master.service.ts(53,30): error TS2339: Property 'createOptions' does not exist on type 'MedbMasterService'.
src/app/shared/services/medb-master.service.ts(55,17): error TS2339: Property 'getMasterEx' does not exist on type 'MedbMasterService'.
src/app/shared/services/medb-master.service.ts(55,91): error TS2339: Property 'handleError' does not exist on type 'MedbMasterService'.
src/app/shared/services/medb-master.service.ts(59,30): error TS2339: Property 'createOptions' does not exist on type 'MedbMasterService'.
src/app/shared/services/medb-master.service.ts(61,17): error TS2339: Property 'getMasterEx' does not exist on type 'MedbMasterService'.
src/app/shared/services/medb-master.service.ts(61,91): error TS2339: Property 'handleError' does not exist on type 'MedbMasterService'.
src/app/shared/services/medb-master.service.ts(65,30): error TS2339: Property 'createOptions' does not exist on type 'MedbMasterService'.
src/app/shared/services/medb-master.service.ts(67,17): error TS2339: Property 'getMasterEx' does not exist on type 'MedbMasterService'.
src/app/shared/services/medb-master.service.ts(67,84): error TS2339: Property 'handleError' does not exist on type 'MedbMasterService'.
src/app/shared/services/medb-master.service.ts(71,30): error TS2339: Property 'createOptions' does not exist on type 'MedbMasterService'.
src/app/shared/services/medb-master.service.ts(73,17): error TS2339: Property 'getMasterEx' does not exist on type 'MedbMasterService'.
src/app/shared/services/medb-master.service.ts(73,93): error TS2339: Property 'handleError' does not exist on type 'MedbMasterService'.
src/app/shared/services/medb-master.service.ts(77,30): error TS2339: Property 'createOptions' does not exist on type 'MedbMasterService'.
src/app/shared/services/medb-master.service.ts(79,17): error TS2339: Property 'getMasterEx' does not exist on type 'MedbMasterService'.
src/app/shared/services/medb-master.service.ts(79,93): error TS2339: Property 'handleError' does not exist on type 'MedbMasterService'.
src/app/shared/services/medb-master.service.ts(83,30): error TS2339: Property 'createOptions' does not exist on type 'MedbMasterService'.
src/app/shared/services/medb-master.service.ts(85,17): error TS2339: Property 'postMasterEx' does not exist on type 'MedbMasterService'.
src/app/shared/services/medb-master.service.ts(86,23): error TS2339: Property 'handleError' does not exist on type 'MedbMasterService'.
src/app/shared/services/nesting-algo.service.ts(1,28): error TS2307: Cannot find module '@angular/common/http' or its corresponding type declarations.
  There are types at 'C:/Playwright Projects/Playwright-Truevaluehub-main/node_modules/@angular/common/types/http.d.ts', but this result could not be resolved under your current 'moduleResolution' setting. Consider updating to 'node16', 'nodenext', or 'bundler'.
src/app/shared/services/nesting-algo.service.ts(3,91): error TS2307: Cannot find module 'src/app/shared/services' or its corresponding type declarations.
src/app/shared/services/nesting-algo.service.ts(22,30): error TS2339: Property 'createOptionsForFormFile' does not exist on type 'NestingAlgoService'.
src/app/shared/services/nesting-algo.service.ts(24,17): error TS2339: Property 'postEx' does not exist on type 'NestingAlgoService'.
src/app/shared/services/nesting-algo.service.ts(24,91): error TS2339: Property 'handleError' does not exist on type 'NestingAlgoService'.
src/app/shared/services/nesting-algo.service.ts(28,30): error TS2339: Property 'createOptionsForFormFile' does not exist on type 'NestingAlgoService'.
src/app/shared/services/nesting-algo.service.ts(30,17): error TS2339: Property 'postEx' does not exist on type 'NestingAlgoService'.
src/app/shared/services/nesting-algo.service.ts(30,91): error TS2339: Property 'handleError' does not exist on type 'NestingAlgoService'.
src/app/shared/services/overHeadProfit-master.service.ts(1,28): error TS2307: Cannot find module '@angular/common/http' or its corresponding type declarations.
  There are types at 'C:/Playwright Projects/Playwright-Truevaluehub-main/node_modules/@angular/common/types/http.d.ts', but this result could not be resolved under your current 'moduleResolution' setting. Consider updating to 'node16', 'nodenext', or 'bundler'.
src/app/shared/services/overHeadProfit-master.service.ts(5,91): error TS2307: Cannot find module 'src/app/shared/services' or its corresponding type declarations.
src/app/shared/services/overHeadProfit-master.service.ts(7,122): error TS2307: Cannot find module 'src/app/shared/models/overhead-Profit.model' or its corresponding type declarations.
src/app/shared/services/overHeadProfit-master.service.ts(23,30): error TS2339: Property 'createOptions' does not exist on type 'OverHeadProfitMasterService'.
src/app/shared/services/overHeadProfit-master.service.ts(25,17): error TS2339: Property 'getMasterEx' does not exist on type 'OverHeadProfitMasterService'.
src/app/shared/services/overHeadProfit-master.service.ts(25,90): error TS2339: Property 'handleError' does not exist on type 'OverHeadProfitMasterService'.
src/app/shared/services/overHeadProfit-master.service.ts(29,30): error TS2339: Property 'createOptions' does not exist on type 'OverHeadProfitMasterService'.
src/app/shared/services/overHeadProfit-master.service.ts(31,17): error TS2339: Property 'getMasterEx' does not exist on type 'OverHeadProfitMasterService'.
src/app/shared/services/overHeadProfit-master.service.ts(31,88): error TS2339: Property 'handleError' does not exist on type 'OverHeadProfitMasterService'.
src/app/shared/services/overHeadProfit-master.service.ts(35,30): error TS2339: Property 'createOptions' does not exist on type 'OverHeadProfitMasterService'.
src/app/shared/services/overHeadProfit-master.service.ts(37,17): error TS2339: Property 'getMasterEx' does not exist on type 'OverHeadProfitMasterService'.
src/app/shared/services/overHeadProfit-master.service.ts(37,93): error TS2339: Property 'handleError' does not exist on type 'OverHeadProfitMasterService'.
src/app/shared/services/overHeadProfit-master.service.ts(41,30): error TS2339: Property 'createOptions' does not exist on type 'OverHeadProfitMasterService'.
src/app/shared/services/overHeadProfit-master.service.ts(43,17): error TS2339: Property 'getMasterEx' does not exist on type 'OverHeadProfitMasterService'.
src/app/shared/services/overHeadProfit-master.service.ts(43,92): error TS2339: Property 'handleError' does not exist on type 'OverHeadProfitMasterService'.
src/app/shared/services/overHeadProfit-master.service.ts(47,30): error TS2339: Property 'createOptions' does not exist on type 'OverHeadProfitMasterService'.
src/app/shared/services/overHeadProfit-master.service.ts(49,17): error TS2339: Property 'postEx' does not exist on type 'OverHeadProfitMasterService'.
src/app/shared/services/overHeadProfit-master.service.ts(49,129): error TS2339: Property 'handleError' does not exist on type 'OverHeadProfitMasterService'.
src/app/shared/services/overHeadProfit-master.service.ts(53,30): error TS2339: Property 'createOptions' does not exist on type 'OverHeadProfitMasterService'.
src/app/shared/services/overHeadProfit-master.service.ts(55,17): error TS2339: Property 'putEx' does not exist on type 'OverHeadProfitMasterService'.
src/app/shared/services/overHeadProfit-master.service.ts(55,128): error TS2339: Property 'handleError' does not exist on type 'OverHeadProfitMasterService'.
src/app/shared/services/overHeadProfit-master.service.ts(59,30): error TS2339: Property 'createOptions' does not exist on type 'OverHeadProfitMasterService'.
src/app/shared/services/overHeadProfit-master.service.ts(61,17): error TS2339: Property 'getEx' does not exist on type 'OverHeadProfitMasterService'.
src/app/shared/services/overHeadProfit-master.service.ts(61,85): error TS2339: Property 'handleError' does not exist on type 'OverHeadProfitMasterService'.
src/app/shared/services/overHeadProfit-master.service.ts(65,30): error TS2339: Property 'createOptions' does not exist on type 'OverHeadProfitMasterService'.
src/app/shared/services/overHeadProfit-master.service.ts(67,17): error TS2339: Property 'getEx' does not exist on type 'OverHeadProfitMasterService'.
src/app/shared/services/overHeadProfit-master.service.ts(67,84): error TS2339: Property 'handleError' does not exist on type 'OverHeadProfitMasterService'.
src/app/shared/services/overview.service.ts(1,28): error TS2307: Cannot find module '@angular/common/http' or its corresponding type declarations.
  There are types at 'C:/Playwright Projects/Playwright-Truevaluehub-main/node_modules/@angular/common/types/http.d.ts', but this result could not be resolved under your current 'moduleResolution' setting. Consider updating to 'node16', 'nodenext', or 'bundler'.
src/app/shared/services/overview.service.ts(5,91): error TS2307: Cannot find module 'src/app/shared/services' or its corresponding type declarations.
src/app/shared/services/overview.service.ts(24,30): error TS2339: Property 'createOptions' does not exist on type 'OverviewService'.
src/app/shared/services/overview.service.ts(29,17): error TS2339: Property 'getEx' does not exist on type 'OverviewService'.
src/app/shared/services/overview.service.ts(29,77): error TS2339: Property 'handleError' does not exist on type 'OverviewService'.
src/app/shared/services/overview.service.ts(33,30): error TS2339: Property 'createOptions' does not exist on type 'OverviewService'.
src/app/shared/services/overview.service.ts(35,17): error TS2339: Property 'getEx' does not exist on type 'OverviewService'.
src/app/shared/services/overview.service.ts(35,82): error TS2339: Property 'handleError' does not exist on type 'OverviewService'.
src/app/shared/services/packaging-info.service.ts(1,28): error TS2307: Cannot find module '@angular/common/http' or its corresponding type declarations.
  There are types at 'C:/Playwright Projects/Playwright-Truevaluehub-main/node_modules/@angular/common/types/http.d.ts', but this result could not be resolved under your current 'moduleResolution' setting. Consider updating to 'node16', 'nodenext', or 'bundler'.
src/app/shared/services/packaging-info.service.ts(5,91): error TS2307: Cannot find module 'src/app/shared/services' or its corresponding type declarations.
src/app/shared/services/packaging-info.service.ts(137,30): error TS2339: Property 'createOptions' does not exist on type 'PackagingInfoService'.
src/app/shared/services/packaging-info.service.ts(139,17): error TS2339: Property 'getEx' does not exist on type 'PackagingInfoService'.
src/app/shared/services/packaging-info.service.ts(139,80): error TS2339: Property 'handleError' does not exist on type 'PackagingInfoService'.
src/app/shared/services/packaging-info.service.ts(143,30): error TS2339: Property 'createOptions' does not exist on type 'PackagingInfoService'.
src/app/shared/services/packaging-info.service.ts(145,17): error TS2339: Property 'postEx' does not exist on type 'PackagingInfoService'.
src/app/shared/services/packaging-info.service.ts(145,112): error TS2339: Property 'handleError' does not exist on type 'PackagingInfoService'.
src/app/shared/services/packaging-info.service.ts(149,30): error TS2339: Property 'createOptions' does not exist on type 'PackagingInfoService'.
src/app/shared/services/packaging-info.service.ts(151,17): error TS2339: Property 'deleteEx' does not exist on type 'PackagingInfoService'.
src/app/shared/services/packaging-info.service.ts(151,83): error TS2339: Property 'handleError' does not exist on type 'PackagingInfoService'.
src/app/shared/services/packaging-info.service.ts(155,30): error TS2339: Property 'createOptions' does not exist on type 'PackagingInfoService'.
src/app/shared/services/packaging-info.service.ts(157,17): error TS2339: Property 'getMasterEx' does not exist on type 'PackagingInfoService'.
src/app/shared/services/packaging-info.service.ts(157,87): error TS2339: Property 'handleError' does not exist on type 'PackagingInfoService'.
src/app/shared/services/packaging-info.service.ts(161,30): error TS2339: Property 'createOptions' does not exist on type 'PackagingInfoService'.
src/app/shared/services/packaging-info.service.ts(163,17): error TS2339: Property 'getMasterEx' does not exist on type 'PackagingInfoService'.
src/app/shared/services/packaging-info.service.ts(163,89): error TS2339: Property 'handleError' does not exist on type 'PackagingInfoService'.
src/app/shared/services/packaging-info.service.ts(167,30): error TS2339: Property 'createOptions' does not exist on type 'PackagingInfoService'.
src/app/shared/services/packaging-info.service.ts(169,17): error TS2339: Property 'getMasterEx' does not exist on type 'PackagingInfoService'.
src/app/shared/services/packaging-info.service.ts(169,89): error TS2339: Property 'handleError' does not exist on type 'PackagingInfoService'.
src/app/shared/services/packaging-info.service.ts(173,30): error TS2339: Property 'createOptions' does not exist on type 'PackagingInfoService'.
src/app/shared/services/packaging-info.service.ts(175,17): error TS2339: Property 'getMasterEx' does not exist on type 'PackagingInfoService'.
src/app/shared/services/packaging-info.service.ts(175,93): error TS2339: Property 'handleError' does not exist on type 'PackagingInfoService'.
src/app/shared/services/packaging-info.service.ts(179,30): error TS2339: Property 'createOptions' does not exist on type 'PackagingInfoService'.
src/app/shared/services/packaging-info.service.ts(181,17): error TS2339: Property 'getMasterEx' does not exist on type 'PackagingInfoService'.
src/app/shared/services/packaging-info.service.ts(181,88): error TS2339: Property 'handleError' does not exist on type 'PackagingInfoService'.
src/app/shared/services/packaging-info.service.ts(185,30): error TS2339: Property 'createOptions' does not exist on type 'PackagingInfoService'.
src/app/shared/services/packaging-info.service.ts(187,17): error TS2339: Property 'getMasterEx' does not exist on type 'PackagingInfoService'.
src/app/shared/services/packaging-info.service.ts(187,85): error TS2339: Property 'handleError' does not exist on type 'PackagingInfoService'.
src/app/shared/services/packaging-info.service.ts(191,30): error TS2339: Property 'createOptions' does not exist on type 'PackagingInfoService'.
src/app/shared/services/packaging-info.service.ts(193,17): error TS2339: Property 'getMasterEx' does not exist on type 'PackagingInfoService'.
src/app/shared/services/packaging-info.service.ts(193,88): error TS2339: Property 'handleError' does not exist on type 'PackagingInfoService'.
src/app/shared/services/packaging-info.service.ts(197,30): error TS2339: Property 'createOptions' does not exist on type 'PackagingInfoService'.
src/app/shared/services/packaging-info.service.ts(199,17): error TS2339: Property 'getMasterEx' does not exist on type 'PackagingInfoService'.
src/app/shared/services/packaging-info.service.ts(199,95): error TS2339: Property 'handleError' does not exist on type 'PackagingInfoService'.
src/app/shared/services/packaging-info.service.ts(203,30): error TS2339: Property 'createOptions' does not exist on type 'PackagingInfoService'.
src/app/shared/services/packaging-info.service.ts(205,17): error TS2339: Property 'getMasterEx' does not exist on type 'PackagingInfoService'.
src/app/shared/services/packaging-info.service.ts(205,88): error TS2339: Property 'handleError' does not exist on type 'PackagingInfoService'.
src/app/shared/services/packaging-info.service.ts(209,30): error TS2339: Property 'createOptions' does not exist on type 'PackagingInfoService'.
src/app/shared/services/packaging-info.service.ts(211,17): error TS2339: Property 'getMasterEx' does not exist on type 'PackagingInfoService'.
src/app/shared/services/packaging-info.service.ts(211,95): error TS2339: Property 'handleError' does not exist on type 'PackagingInfoService'.
src/app/shared/services/packaging-info.service.ts(214,30): error TS2339: Property 'createOptions' does not exist on type 'PackagingInfoService'.
src/app/shared/services/packaging-info.service.ts(216,17): error TS2339: Property 'getMasterEx' does not exist on type 'PackagingInfoService'.
src/app/shared/services/packaging-info.service.ts(216,88): error TS2339: Property 'handleError' does not exist on type 'PackagingInfoService'.
src/app/shared/services/packaging-info.service.ts(219,30): error TS2339: Property 'createOptions' does not exist on type 'PackagingInfoService'.
src/app/shared/services/packaging-info.service.ts(221,17): error TS2339: Property 'getMasterEx' does not exist on type 'PackagingInfoService'.
src/app/shared/services/packaging-info.service.ts(221,98): error TS2339: Property 'handleError' does not exist on type 'PackagingInfoService'.
src/app/shared/services/part-info.service.ts(1,28): error TS2307: Cannot find module '@angular/common/http' or its corresponding type declarations.
  There are types at 'C:/Playwright Projects/Playwright-Truevaluehub-main/node_modules/@angular/common/types/http.d.ts', but this result could not be resolved under your current 'moduleResolution' setting. Consider updating to 'node16', 'nodenext', or 'bundler'.
src/app/shared/services/part-info.service.ts(6,91): error TS2307: Cannot find module 'src/app/shared/services' or its corresponding type declarations.
src/app/shared/services/part-info.service.ts(27,30): error TS2339: Property 'createOptions' does not exist on type 'PartInfoService'.
src/app/shared/services/part-info.service.ts(29,17): error TS2339: Property 'getEx' does not exist on type 'PartInfoService'.
src/app/shared/services/part-info.service.ts(29,75): error TS2339: Property 'handleError' does not exist on type 'PartInfoService'.
src/app/shared/services/part-info.service.ts(33,30): error TS2339: Property 'createOptions' does not exist on type 'PartInfoService'.
src/app/shared/services/part-info.service.ts(35,17): error TS2339: Property 'postEx' does not exist on type 'PartInfoService'.
src/app/shared/services/part-info.service.ts(35,99): error TS2339: Property 'handleError' does not exist on type 'PartInfoService'.
src/app/shared/services/part-info.service.ts(39,30): error TS2339: Property 'createOptions' does not exist on type 'PartInfoService'.
src/app/shared/services/part-info.service.ts(41,17): error TS2339: Property 'putEx' does not exist on type 'PartInfoService'.
src/app/shared/services/part-info.service.ts(41,98): error TS2339: Property 'handleError' does not exist on type 'PartInfoService'.
src/app/shared/services/part-info.service.ts(45,30): error TS2339: Property 'createOptionsForFormFile' does not exist on type 'PartInfoService'.
src/app/shared/services/part-info.service.ts(47,17): error TS2339: Property 'postEx' does not exist on type 'PartInfoService'.
src/app/shared/services/part-info.service.ts(47,106): error TS2339: Property 'handleError' does not exist on type 'PartInfoService'.
src/app/shared/services/part-info.service.ts(51,30): error TS2339: Property 'createOptionsForFormFile' does not exist on type 'PartInfoService'.
src/app/shared/services/part-info.service.ts(53,17): error TS2339: Property 'postEx' does not exist on type 'PartInfoService'.
src/app/shared/services/part-info.service.ts(53,102): error TS2339: Property 'handleError' does not exist on type 'PartInfoService'.
src/app/shared/services/part-info.service.ts(57,30): error TS2339: Property 'createOptions' does not exist on type 'PartInfoService'.
src/app/shared/services/part-info.service.ts(59,17): error TS2339: Property 'putEx' does not exist on type 'PartInfoService'.
src/app/shared/services/part-info.service.ts(59,101): error TS2339: Property 'handleError' does not exist on type 'PartInfoService'.
src/app/shared/services/part-info.service.ts(63,30): error TS2339: Property 'createOptions' does not exist on type 'PartInfoService'.
src/app/shared/services/part-info.service.ts(65,17): error TS2339: Property 'getEx' does not exist on type 'PartInfoService'.
src/app/shared/services/part-info.service.ts(65,67): error TS2339: Property 'handleError' does not exist on type 'PartInfoService'.
src/app/shared/services/part-info.service.ts(69,30): error TS2339: Property 'createOptions' does not exist on type 'PartInfoService'.
src/app/shared/services/part-info.service.ts(71,17): error TS2339: Property 'getEx' does not exist on type 'PartInfoService'.
src/app/shared/services/part-info.service.ts(71,70): error TS2339: Property 'handleError' does not exist on type 'PartInfoService'.
src/app/shared/services/part-info.service.ts(75,30): error TS2339: Property 'createOptions' does not exist on type 'PartInfoService'.
src/app/shared/services/part-info.service.ts(77,17): error TS2339: Property 'deleteEx' does not exist on type 'PartInfoService'.
src/app/shared/services/part-info.service.ts(77,74): error TS2339: Property 'handleError' does not exist on type 'PartInfoService'.
src/app/shared/services/part-info.service.ts(81,30): error TS2339: Property 'createOptions' does not exist on type 'PartInfoService'.
src/app/shared/services/part-info.service.ts(83,17): error TS2339: Property 'getEx' does not exist on type 'PartInfoService'.
src/app/shared/services/part-info.service.ts(83,85): error TS2339: Property 'handleError' does not exist on type 'PartInfoService'.
src/app/shared/services/part-info.service.ts(87,30): error TS2339: Property 'createOptionsForFormFile' does not exist on type 'PartInfoService'.
src/app/shared/services/part-info.service.ts(89,17): error TS2339: Property 'postEx' does not exist on type 'PartInfoService'.
src/app/shared/services/part-info.service.ts(89,102): error TS2339: Property 'handleError' does not exist on type 'PartInfoService'.
src/app/shared/services/part-info.service.ts(93,30): error TS2339: Property 'createOptions' does not exist on type 'PartInfoService'.
src/app/shared/services/part-info.service.ts(95,17): error TS2339: Property 'postEx' does not exist on type 'PartInfoService'.
src/app/shared/services/part-info.service.ts(95,156): error TS2339: Property 'handleError' does not exist on type 'PartInfoService'.
src/app/shared/services/process-info.service.ts(1,28): error TS2307: Cannot find module '@angular/common/http' or its corresponding type declarations.
  There are types at 'C:/Playwright Projects/Playwright-Truevaluehub-main/node_modules/@angular/common/types/http.d.ts', but this result could not be resolved under your current 'moduleResolution' setting. Consider updating to 'node16', 'nodenext', or 'bundler'.
src/app/shared/services/process-info.service.ts(6,91): error TS2307: Cannot find module 'src/app/shared/services' or its corresponding type declarations.
src/app/shared/services/process-info.service.ts(23,30): error TS2339: Property 'createOptions' does not exist on type 'ProcessInfoService'.
src/app/shared/services/process-info.service.ts(25,17): error TS2339: Property 'getEx' does not exist on type 'ProcessInfoService'.
src/app/shared/services/process-info.service.ts(25,80): error TS2339: Property 'handleError' does not exist on type 'ProcessInfoService'.
src/app/shared/services/process-info.service.ts(29,30): error TS2339: Property 'createOptions' does not exist on type 'ProcessInfoService'.
src/app/shared/services/process-info.service.ts(31,17): error TS2339: Property 'postEx' does not exist on type 'ProcessInfoService'.
src/app/shared/services/process-info.service.ts(31,108): error TS2339: Property 'handleError' does not exist on type 'ProcessInfoService'.
src/app/shared/services/process-info.service.ts(35,30): error TS2339: Property 'createOptions' does not exist on type 'ProcessInfoService'.
src/app/shared/services/process-info.service.ts(37,17): error TS2339: Property 'putEx' does not exist on type 'ProcessInfoService'.
src/app/shared/services/process-info.service.ts(37,107): error TS2339: Property 'handleError' does not exist on type 'ProcessInfoService'.
src/app/shared/services/process-info.service.ts(41,30): error TS2339: Property 'createOptions' does not exist on type 'ProcessInfoService'.
src/app/shared/services/process-info.service.ts(43,17): error TS2339: Property 'deleteEx' does not exist on type 'ProcessInfoService'.
src/app/shared/services/process-info.service.ts(43,65): error TS2339: Property 'handleError' does not exist on type 'ProcessInfoService'.
src/app/shared/services/process-info.service.ts(47,30): error TS2339: Property 'createOptions' does not exist on type 'ProcessInfoService'.
src/app/shared/services/process-info.service.ts(49,17): error TS2339: Property 'deleteEx' does not exist on type 'ProcessInfoService'.
src/app/shared/services/process-info.service.ts(49,65): error TS2339: Property 'handleError' does not exist on type 'ProcessInfoService'.
src/app/shared/services/process-info.service.ts(53,30): error TS2339: Property 'createOptions' does not exist on type 'ProcessInfoService'.
src/app/shared/services/process-info.service.ts(55,17): error TS2339: Property 'putEx' does not exist on type 'ProcessInfoService'.
src/app/shared/services/process-info.service.ts(55,111): error TS2339: Property 'handleError' does not exist on type 'ProcessInfoService'.
src/app/shared/services/process-info.service.ts(59,30): error TS2339: Property 'createOptions' does not exist on type 'ProcessInfoService'.
src/app/shared/services/process-info.service.ts(61,17): error TS2339: Property 'putEx' does not exist on type 'ProcessInfoService'.
src/app/shared/services/process-info.service.ts(61,118): error TS2339: Property 'handleError' does not exist on type 'ProcessInfoService'.
src/app/shared/services/process-master.service.ts(1,28): error TS2307: Cannot find module '@angular/common/http' or its corresponding type declarations.
  There are types at 'C:/Playwright Projects/Playwright-Truevaluehub-main/node_modules/@angular/common/types/http.d.ts', but this result could not be resolved under your current 'moduleResolution' setting. Consider updating to 'node16', 'nodenext', or 'bundler'.
src/app/shared/services/process-master.service.ts(5,91): error TS2307: Cannot find module 'src/app/shared/services' or its corresponding type declarations.
src/app/shared/services/process-master.service.ts(23,30): error TS2339: Property 'createOptions' does not exist on type 'ProcessMasterService'.
src/app/shared/services/process-master.service.ts(25,17): error TS2339: Property 'getMasterEx' does not exist on type 'ProcessMasterService'.
src/app/shared/services/process-master.service.ts(25,88): error TS2339: Property 'handleError' does not exist on type 'ProcessMasterService'.
src/app/shared/services/process-master.service.ts(29,30): error TS2339: Property 'createOptions' does not exist on type 'ProcessMasterService'.
src/app/shared/services/process-master.service.ts(31,17): error TS2339: Property 'getMasterEx' does not exist on type 'ProcessMasterService'.
src/app/shared/services/process-master.service.ts(31,88): error TS2339: Property 'handleError' does not exist on type 'ProcessMasterService'.
src/app/shared/services/process-master.service.ts(35,30): error TS2339: Property 'createOptions' does not exist on type 'ProcessMasterService'.
src/app/shared/services/process-master.service.ts(37,17): error TS2339: Property 'getMasterEx' does not exist on type 'ProcessMasterService'.
src/app/shared/services/process-master.service.ts(37,85): error TS2339: Property 'handleError' does not exist on type 'ProcessMasterService'.
src/app/shared/services/project-info.service.ts(1,28): error TS2307: Cannot find module '@angular/common/http' or its corresponding type declarations.
  There are types at 'C:/Playwright Projects/Playwright-Truevaluehub-main/node_modules/@angular/common/types/http.d.ts', but this result could not be resolved under your current 'moduleResolution' setting. Consider updating to 'node16', 'nodenext', or 'bundler'.
src/app/shared/services/project-info.service.ts(5,42): error TS2307: Cannot find module 'src/app/modules/home/models' or its corresponding type declarations.
src/app/shared/services/project-info.service.ts(6,91): error TS2307: Cannot find module 'src/app/shared/services' or its corresponding type declarations.
src/app/shared/services/project-info.service.ts(13,64): error TS2307: Cannot find module 'src/app/modules/settings/models' or its corresponding type declarations.
src/app/shared/services/project-info.service.ts(14,40): error TS2307: Cannot find module '@angular/core/rxjs-interop' or its corresponding type declarations.
  There are types at 'C:/Playwright Projects/Playwright-Truevaluehub-main/node_modules/@angular/core/types/rxjs-interop.d.ts', but this result could not be resolved under your current 'moduleResolution' setting. Consider updating to 'node16', 'nodenext', or 'bundler'.
src/app/shared/services/project-info.service.ts(29,32): error TS2339: Property 'createOptions' does not exist on type 'ProjectInfoService'.
src/app/shared/services/project-info.service.ts(31,19): error TS2339: Property 'getEx' does not exist on type 'ProjectInfoService'.
src/app/shared/services/project-info.service.ts(31,82): error TS2339: Property 'handleError' does not exist on type 'ProjectInfoService'.
src/app/shared/services/project-info.service.ts(68,30): error TS2339: Property 'createOptions' does not exist on type 'ProjectInfoService'.
src/app/shared/services/project-info.service.ts(88,17): error TS2339: Property 'getEx' does not exist on type 'ProjectInfoService'.
src/app/shared/services/project-info.service.ts(88,80): error TS2339: Property 'handleError' does not exist on type 'ProjectInfoService'.
src/app/shared/services/project-info.service.ts(92,30): error TS2339: Property 'createOptions' does not exist on type 'ProjectInfoService'.
src/app/shared/services/project-info.service.ts(94,17): error TS2339: Property 'getEx' does not exist on type 'ProjectInfoService'.
src/app/shared/services/project-info.service.ts(94,80): error TS2339: Property 'handleError' does not exist on type 'ProjectInfoService'.
src/app/shared/services/project-info.service.ts(98,30): error TS2339: Property 'createOptions' does not exist on type 'ProjectInfoService'.
src/app/shared/services/project-info.service.ts(100,17): error TS2339: Property 'getEx' does not exist on type 'ProjectInfoService'.
src/app/shared/services/project-info.service.ts(100,80): error TS2339: Property 'handleError' does not exist on type 'ProjectInfoService'.
src/app/shared/services/project-info.service.ts(104,30): error TS2339: Property 'createOptions' does not exist on type 'ProjectInfoService'.
src/app/shared/services/project-info.service.ts(106,17): error TS2339: Property 'getEx' does not exist on type 'ProjectInfoService'.
src/app/shared/services/project-info.service.ts(106,78): error TS2339: Property 'handleError' does not exist on type 'ProjectInfoService'.
src/app/shared/services/project-info.service.ts(123,30): error TS2339: Property 'createOptions' does not exist on type 'ProjectInfoService'.
src/app/shared/services/project-info.service.ts(125,17): error TS2339: Property 'postEx' does not exist on type 'ProjectInfoService'.
src/app/shared/services/project-info.service.ts(125,113): error TS2339: Property 'handleError' does not exist on type 'ProjectInfoService'.
src/app/shared/services/project-info.service.ts(129,30): error TS2339: Property 'createOptions' does not exist on type 'ProjectInfoService'.
src/app/shared/services/project-info.service.ts(131,17): error TS2339: Property 'getEx' does not exist on type 'ProjectInfoService'.
src/app/shared/services/project-info.service.ts(131,78): error TS2339: Property 'handleError' does not exist on type 'ProjectInfoService'.
src/app/shared/services/project-info.service.ts(135,30): error TS2339: Property 'createOptions' does not exist on type 'ProjectInfoService'.
src/app/shared/services/project-info.service.ts(137,17): error TS2339: Property 'postEx' does not exist on type 'ProjectInfoService'.
src/app/shared/services/project-info.service.ts(137,108): error TS2339: Property 'handleError' does not exist on type 'ProjectInfoService'.
src/app/shared/services/project-info.service.ts(141,30): error TS2339: Property 'createOptions' does not exist on type 'ProjectInfoService'.
src/app/shared/services/project-info.service.ts(143,17): error TS2339: Property 'putEx' does not exist on type 'ProjectInfoService'.
src/app/shared/services/project-info.service.ts(143,107): error TS2339: Property 'handleError' does not exist on type 'ProjectInfoService'.
src/app/shared/services/project-info.service.ts(147,30): error TS2339: Property 'createOptions' does not exist on type 'ProjectInfoService'.
src/app/shared/services/project-info.service.ts(149,17): error TS2339: Property 'putEx' does not exist on type 'ProjectInfoService'.
src/app/shared/services/project-info.service.ts(149,104): error TS2339: Property 'handleError' does not exist on type 'ProjectInfoService'.
src/app/shared/services/project-info.service.ts(153,30): error TS2339: Property 'createOptionsForFormFile' does not exist on type 'ProjectInfoService'.
src/app/shared/services/project-info.service.ts(155,17): error TS2339: Property 'postEx' does not exist on type 'ProjectInfoService'.
src/app/shared/services/project-info.service.ts(155,99): error TS2339: Property 'handleError' does not exist on type 'ProjectInfoService'.
src/app/shared/services/project-info.service.ts(159,30): error TS2339: Property 'createOptionsForFormFile' does not exist on type 'ProjectInfoService'.
src/app/shared/services/project-info.service.ts(161,17): error TS2339: Property 'postEx' does not exist on type 'ProjectInfoService'.
src/app/shared/services/project-info.service.ts(161,96): error TS2339: Property 'handleError' does not exist on type 'ProjectInfoService'.
src/app/shared/services/project-info.service.ts(165,30): error TS2339: Property 'createOptions' does not exist on type 'ProjectInfoService'.
src/app/shared/services/project-info.service.ts(167,17): error TS2339: Property 'put' does not exist on type 'ProjectInfoService'.
src/app/shared/services/project-info.service.ts(167,76): error TS2339: Property 'handleError' does not exist on type 'ProjectInfoService'.
src/app/shared/services/project-info.service.ts(171,30): error TS2339: Property 'createOptions' does not exist on type 'ProjectInfoService'.
src/app/shared/services/project-info.service.ts(173,17): error TS2339: Property 'deleteEx' does not exist on type 'ProjectInfoService'.
src/app/shared/services/project-info.service.ts(173,74): error TS2339: Property 'handleError' does not exist on type 'ProjectInfoService'.
src/app/shared/services/project-info.service.ts(177,30): error TS2339: Property 'createOptions' does not exist on type 'ProjectInfoService'.
src/app/shared/services/project-info.service.ts(179,17): error TS2339: Property 'put' does not exist on type 'ProjectInfoService'.
src/app/shared/services/project-info.service.ts(179,76): error TS2339: Property 'handleError' does not exist on type 'ProjectInfoService'.
src/app/shared/services/project-info.service.ts(183,30): error TS2339: Property 'createOptions' does not exist on type 'ProjectInfoService'.
src/app/shared/services/project-info.service.ts(186,17): error TS2339: Property 'getEx' does not exist on type 'ProjectInfoService'.
src/app/shared/services/project-info.service.ts(186,89): error TS2339: Property 'handleError' does not exist on type 'ProjectInfoService'.
src/app/shared/services/project-info.service.ts(190,30): error TS2339: Property 'createOptions' does not exist on type 'ProjectInfoService'.
src/app/shared/services/project-info.service.ts(192,17): error TS2339: Property 'put' does not exist on type 'ProjectInfoService'.
src/app/shared/services/project-info.service.ts(192,76): error TS2339: Property 'handleError' does not exist on type 'ProjectInfoService'.
src/app/shared/services/project-info.service.ts(196,30): error TS2339: Property 'createOptions' does not exist on type 'ProjectInfoService'.
src/app/shared/services/project-info.service.ts(198,17): error TS2339: Property 'put' does not exist on type 'ProjectInfoService'.
src/app/shared/services/project-info.service.ts(202,30): error TS2339: Property 'createOptions' does not exist on type 'ProjectInfoService'.
src/app/shared/services/project-info.service.ts(204,17): error TS2339: Property 'putEx' does not exist on type 'ProjectInfoService'.
src/app/shared/services/project-info.service.ts(204,96): error TS2339: Property 'handleError' does not exist on type 'ProjectInfoService'.
src/app/shared/services/project-info.service.ts(208,30): error TS2339: Property 'createOptionsForFormFile' does not exist on type 'ProjectInfoService'.
src/app/shared/services/project-info.service.ts(210,17): error TS2339: Property 'postEx' does not exist on type 'ProjectInfoService'.
src/app/shared/services/project-info.service.ts(210,102): error TS2339: Property 'handleError' does not exist on type 'ProjectInfoService'.
src/app/shared/services/project-info.service.ts(214,30): error TS2339: Property 'createOptions' does not exist on type 'ProjectInfoService'.
src/app/shared/services/project-info.service.ts(216,17): error TS2339: Property 'getEx' does not exist on type 'ProjectInfoService'.
src/app/shared/services/project-info.service.ts(216,82): error TS2339: Property 'handleError' does not exist on type 'ProjectInfoService'.
src/app/shared/services/project-info.service.ts(220,30): error TS2339: Property 'createOptions' does not exist on type 'ProjectInfoService'.
src/app/shared/services/project-info.service.ts(222,17): error TS2339: Property 'postEx' does not exist on type 'ProjectInfoService'.
src/app/shared/services/project-info.service.ts(222,108): error TS2339: Property 'handleError' does not exist on type 'ProjectInfoService'.
src/app/shared/services/project-info.service.ts(238,30): error TS2339: Property 'createOptions' does not exist on type 'ProjectInfoService'.
src/app/shared/services/project-info.service.ts(240,17): error TS2339: Property 'postMasterEx' does not exist on type 'ProjectInfoService'.
src/app/shared/services/project-info.service.ts(240,105): error TS2339: Property 'handleError' does not exist on type 'ProjectInfoService'.
src/app/shared/services/project-info.service.ts(244,30): error TS2339: Property 'createOptions' does not exist on type 'ProjectInfoService'.
src/app/shared/services/project-info.service.ts(246,17): error TS2339: Property 'getMasterEx' does not exist on type 'ProjectInfoService'.
src/app/shared/services/project-info.service.ts(246,86): error TS2339: Property 'handleError' does not exist on type 'ProjectInfoService'.
src/app/shared/services/project-info.service.ts(250,30): error TS2339: Property 'createOptions' does not exist on type 'ProjectInfoService'.
src/app/shared/services/project-info.service.ts(252,17): error TS2339: Property 'getEx' does not exist on type 'ProjectInfoService'.
src/app/shared/services/project-info.service.ts(252,67): error TS2339: Property 'handleError' does not exist on type 'ProjectInfoService'.
src/app/shared/services/project-info.service.ts(256,30): error TS2339: Property 'createOptions' does not exist on type 'ProjectInfoService'.
src/app/shared/services/project-info.service.ts(258,17): error TS2339: Property 'getEx' does not exist on type 'ProjectInfoService'.
src/app/shared/services/project-info.service.ts(258,69): error TS2339: Property 'handleError' does not exist on type 'ProjectInfoService'.
src/app/shared/services/scenario.service.ts(1,28): error TS2307: Cannot find module '@angular/common/http' or its corresponding type declarations.
  There are types at 'C:/Playwright Projects/Playwright-Truevaluehub-main/node_modules/@angular/common/types/http.d.ts', but this result could not be resolved under your current 'moduleResolution' setting. Consider updating to 'node16', 'nodenext', or 'bundler'.
src/app/shared/services/scenario.service.ts(5,91): error TS2307: Cannot find module 'src/app/shared/services' or its corresponding type declarations.
src/app/shared/services/scenario.service.ts(23,30): error TS2339: Property 'createOptions' does not exist on type 'ScenarioService'.
src/app/shared/services/scenario.service.ts(25,17): error TS2339: Property 'getEx' does not exist on type 'ScenarioService'.
src/app/shared/services/scenario.service.ts(25,84): error TS2339: Property 'handleError' does not exist on type 'ScenarioService'.
src/app/shared/services/scenario.service.ts(29,30): error TS2339: Property 'createOptions' does not exist on type 'ScenarioService'.
src/app/shared/services/scenario.service.ts(31,17): error TS2339: Property 'getEx' does not exist on type 'ScenarioService'.
src/app/shared/services/scenario.service.ts(31,84): error TS2339: Property 'handleError' does not exist on type 'ScenarioService'.
src/app/shared/services/scenario.service.ts(35,30): error TS2339: Property 'createOptions' does not exist on type 'ScenarioService'.
src/app/shared/services/scenario.service.ts(37,17): error TS2339: Property 'postEx' does not exist on type 'ScenarioService'.
src/app/shared/services/scenario.service.ts(37,113): error TS2339: Property 'handleError' does not exist on type 'ScenarioService'.
src/app/shared/services/scenario.service.ts(41,30): error TS2339: Property 'createOptions' does not exist on type 'ScenarioService'.
src/app/shared/services/scenario.service.ts(43,17): error TS2339: Property 'putEx' does not exist on type 'ScenarioService'.
src/app/shared/services/scenario.service.ts(43,105): error TS2339: Property 'handleError' does not exist on type 'ScenarioService'.
src/app/shared/services/scenario.service.ts(47,30): error TS2339: Property 'createOptions' does not exist on type 'ScenarioService'.
src/app/shared/services/scenario.service.ts(49,17): error TS2339: Property 'deleteEx' does not exist on type 'ScenarioService'.
src/app/shared/services/scenario.service.ts(49,74): error TS2339: Property 'handleError' does not exist on type 'ScenarioService'.
src/app/shared/services/scenario.service.ts(53,30): error TS2339: Property 'createOptions' does not exist on type 'ScenarioService'.
src/app/shared/services/scenario.service.ts(55,17): error TS2339: Property 'postEx' does not exist on type 'ScenarioService'.
src/app/shared/services/scenario.service.ts(55,99): error TS2339: Property 'handleError' does not exist on type 'ScenarioService'.
src/app/shared/services/scenario.service.ts(59,30): error TS2339: Property 'createOptions' does not exist on type 'ScenarioService'.
src/app/shared/services/scenario.service.ts(61,17): error TS2339: Property 'putEx' does not exist on type 'ScenarioService'.
src/app/shared/services/scenario.service.ts(61,118): error TS2339: Property 'handleError' does not exist on type 'ScenarioService'.
src/app/shared/services/secondary-process.service.ts(1,28): error TS2307: Cannot find module '@angular/common/http' or its corresponding type declarations.
  There are types at 'C:/Playwright Projects/Playwright-Truevaluehub-main/node_modules/@angular/common/types/http.d.ts', but this result could not be resolved under your current 'moduleResolution' setting. Consider updating to 'node16', 'nodenext', or 'bundler'.
src/app/shared/services/secondary-process.service.ts(5,50): error TS2307: Cannot find module 'src/app/shared/models' or its corresponding type declarations.
src/app/shared/services/secondary-process.service.ts(6,37): error TS2307: Cannot find module 'src/app/shared/models/secondary-process.model' or its corresponding type declarations.
src/app/shared/services/secondary-process.service.ts(7,91): error TS2307: Cannot find module 'src/app/shared/services' or its corresponding type declarations.
src/app/shared/services/secondary-process.service.ts(8,45): error TS2307: Cannot find module 'src/app/shared/services/snackbar-error-handler.service' or its corresponding type declarations.
src/app/shared/services/secondary-process.service.ts(23,30): error TS2339: Property 'createOptions' does not exist on type 'SecondaryProcessService'.
src/app/shared/services/secondary-process.service.ts(25,17): error TS2339: Property 'getEx' does not exist on type 'SecondaryProcessService'.
src/app/shared/services/secondary-process.service.ts(25,85): error TS2339: Property 'handleError' does not exist on type 'SecondaryProcessService'.
src/app/shared/services/secondary-process.service.ts(36,30): error TS2339: Property 'createOptions' does not exist on type 'SecondaryProcessService'.
src/app/shared/services/secondary-process.service.ts(38,17): error TS2339: Property 'getMasterEx' does not exist on type 'SecondaryProcessService'.
src/app/shared/services/secondary-process.service.ts(38,78): error TS2339: Property 'handleError' does not exist on type 'SecondaryProcessService'.
src/app/shared/services/secondary-process.service.ts(42,30): error TS2339: Property 'createOptions' does not exist on type 'SecondaryProcessService'.
src/app/shared/services/secondary-process.service.ts(44,17): error TS2339: Property 'getMasterEx' does not exist on type 'SecondaryProcessService'.
src/app/shared/services/secondary-process.service.ts(44,78): error TS2339: Property 'handleError' does not exist on type 'SecondaryProcessService'.
src/app/shared/services/secondary-process.service.ts(48,30): error TS2339: Property 'createOptions' does not exist on type 'SecondaryProcessService'.
src/app/shared/services/secondary-process.service.ts(50,17): error TS2339: Property 'getMasterEx' does not exist on type 'SecondaryProcessService'.
src/app/shared/services/secondary-process.service.ts(50,78): error TS2339: Property 'handleError' does not exist on type 'SecondaryProcessService'.
src/app/shared/services/secondary-process.service.ts(54,30): error TS2339: Property 'createOptions' does not exist on type 'SecondaryProcessService'.
src/app/shared/services/secondary-process.service.ts(56,17): error TS2339: Property 'getMasterEx' does not exist on type 'SecondaryProcessService'.
src/app/shared/services/secondary-process.service.ts(56,78): error TS2339: Property 'handleError' does not exist on type 'SecondaryProcessService'.
src/app/shared/services/secondary-process.service.ts(60,30): error TS2339: Property 'createOptions' does not exist on type 'SecondaryProcessService'.
src/app/shared/services/secondary-process.service.ts(62,17): error TS2339: Property 'getMasterEx' does not exist on type 'SecondaryProcessService'.
src/app/shared/services/secondary-process.service.ts(62,78): error TS2339: Property 'handleError' does not exist on type 'SecondaryProcessService'.
src/app/shared/services/secondary-process.service.ts(66,30): error TS2339: Property 'createOptions' does not exist on type 'SecondaryProcessService'.
src/app/shared/services/secondary-process.service.ts(68,17): error TS2339: Property 'getMasterEx' does not exist on type 'SecondaryProcessService'.
src/app/shared/services/secondary-process.service.ts(68,104): error TS2339: Property 'handleError' does not exist on type 'SecondaryProcessService'.
src/app/shared/services/secondary-process.service.ts(72,30): error TS2339: Property 'createOptions' does not exist on type 'SecondaryProcessService'.
src/app/shared/services/secondary-process.service.ts(74,17): error TS2339: Property 'postEx' does not exist on type 'SecondaryProcessService'.
src/app/shared/services/secondary-process.service.ts(74,112): error TS2339: Property 'handleError' does not exist on type 'SecondaryProcessService'.
src/app/shared/services/secondary-process.service.ts(78,30): error TS2339: Property 'createOptions' does not exist on type 'SecondaryProcessService'.
src/app/shared/services/secondary-process.service.ts(80,17): error TS2339: Property 'putEx' does not exist on type 'SecondaryProcessService'.
src/app/shared/services/secondary-process.service.ts(80,111): error TS2339: Property 'handleError' does not exist on type 'SecondaryProcessService'.
src/app/shared/services/secondary-process.service.ts(84,30): error TS2339: Property 'createOptions' does not exist on type 'SecondaryProcessService'.
src/app/shared/services/secondary-process.service.ts(86,17): error TS2339: Property 'deleteEx' does not exist on type 'SecondaryProcessService'.
src/app/shared/services/secondary-process.service.ts(86,74): error TS2339: Property 'handleError' does not exist on type 'SecondaryProcessService'.
src/app/shared/services/secondary-process.service.ts(90,30): error TS2339: Property 'createOptions' does not exist on type 'SecondaryProcessService'.
src/app/shared/services/secondary-process.service.ts(92,17): error TS2339: Property 'putEx' does not exist on type 'SecondaryProcessService'.
src/app/shared/services/secondary-process.service.ts(92,115): error TS2339: Property 'handleError' does not exist on type 'SecondaryProcessService'.
src/app/shared/services/simulation.service.ts(1,28): error TS2307: Cannot find module '@angular/common/http' or its corresponding type declarations.
  There are types at 'C:/Playwright Projects/Playwright-Truevaluehub-main/node_modules/@angular/common/types/http.d.ts', but this result could not be resolved under your current 'moduleResolution' setting. Consider updating to 'node16', 'nodenext', or 'bundler'.
src/app/shared/services/simulation.service.ts(6,91): error TS2307: Cannot find module 'src/app/shared/services' or its corresponding type declarations.
src/app/shared/services/simulation.service.ts(8,68): error TS2307: Cannot find module 'src/app/modules/analytics/models/best-region-analytics.model' or its corresponding type declarations.
src/app/shared/services/simulation.service.ts(9,40): error TS2307: Cannot find module 'src/app/modules/analytics/models/simulationTotalCostDto.model' or its corresponding type declarations.
src/app/shared/services/simulation.service.ts(24,30): error TS2339: Property 'createOptions' does not exist on type 'SimulationService'.
src/app/shared/services/simulation.service.ts(26,17): error TS2339: Property 'postEx' does not exist on type 'SimulationService'.
src/app/shared/services/simulation.service.ts(26,128): error TS2339: Property 'handleError' does not exist on type 'SimulationService'.
src/app/shared/services/simulation.service.ts(30,30): error TS2339: Property 'createOptions' does not exist on type 'SimulationService'.
src/app/shared/services/simulation.service.ts(32,17): error TS2339: Property 'getEx' does not exist on type 'SimulationService'.
src/app/shared/services/simulation.service.ts(32,88): error TS2339: Property 'handleError' does not exist on type 'SimulationService'.
src/app/shared/services/simulation.service.ts(36,30): error TS2339: Property 'createOptions' does not exist on type 'SimulationService'.
src/app/shared/services/simulation.service.ts(38,17): error TS2339: Property 'postEx' does not exist on type 'SimulationService'.
src/app/shared/services/simulation.service.ts(38,105): error TS2339: Property 'handleError' does not exist on type 'SimulationService'.
src/app/shared/services/simulation.service.ts(42,30): error TS2339: Property 'createOptions' does not exist on type 'SimulationService'.
src/app/shared/services/simulation.service.ts(44,17): error TS2339: Property 'deleteEx' does not exist on type 'SimulationService'.
src/app/shared/services/simulation.service.ts(44,70): error TS2339: Property 'handleError' does not exist on type 'SimulationService'.
src/app/shared/services/snackbar-error-handler.service.ts(2,29): error TS2307: Cannot find module '@angular/material/snack-bar' or its corresponding type declarations.
src/app/shared/services/unspsc-master.service.ts(1,28): error TS2307: Cannot find module '@angular/common/http' or its corresponding type declarations.
  There are types at 'C:/Playwright Projects/Playwright-Truevaluehub-main/node_modules/@angular/common/types/http.d.ts', but this result could not be resolved under your current 'moduleResolution' setting. Consider updating to 'node16', 'nodenext', or 'bundler'.
src/app/shared/services/unspsc-master.service.ts(5,91): error TS2307: Cannot find module 'src/app/shared/services' or its corresponding type declarations.
src/app/shared/services/unspsc-master.service.ts(24,30): error TS2339: Property 'createOptions' does not exist on type 'UnspscMasterService'.
src/app/shared/services/unspsc-master.service.ts(26,17): error TS2339: Property 'getMasterEx' does not exist on type 'UnspscMasterService'.
src/app/shared/services/unspsc-master.service.ts(26,85): error TS2339: Property 'handleError' does not exist on type 'UnspscMasterService'.
src/app/shared/services/unspsc-master.service.ts(30,30): error TS2339: Property 'createOptions' does not exist on type 'UnspscMasterService'.
src/app/shared/services/unspsc-master.service.ts(32,17): error TS2339: Property 'getMasterEx' does not exist on type 'UnspscMasterService'.
src/app/shared/services/unspsc-master.service.ts(32,87): error TS2339: Property 'handleError' does not exist on type 'UnspscMasterService'.
tests/models/part-info.model.ts(1,38): error TS2307: Cannot find module 'src/app/modules/digital-factory/Models/digital-factory-dto' or its corresponding type declarations.
tests/models/part-info.model.ts(2,10): error TS2305: Module '"../enums"' has no exported member 'OHPCategory'.
tests/models/part-info.model.ts(2,23): error TS2305: Module '"../enums"' has no exported member 'PackingMode'.
tests/models/part-info.model.ts(2,52): error TS2305: Module '"../enums"' has no exported member 'PartType'.
tests/models/part-info.model.ts(6,31): error TS2307: Cannot find module 'src/app/shared/models' or its corresponding type declarations.
tests/services/shared.ts(2,32): error TS2307: Cannot find module 'src/app/shared/models/field-colors.model' or its corresponding type declarations.
tests/services/shared.ts(4,32): error TS2307: Cannot find module 'src/app/shared/models/data-extraction.model' or its corresponding type declarations.
tests/services/shared.ts(5,30): error TS2307: Cannot find module 'src/app/shared/models' or its corresponding type declarations.
